2025-12-19 20:11:35 INFO     Query-Conditioned Attention enabled: attention_hidden_dim=64, dropout=0.1
2025-12-19 20:11:35 INFO     read 10000 rules from list.
2025-12-19 20:11:35 INFO     Loaded support_counts from ../data/kinship\support_counts.pt
2025-12-19 20:11:35 INFO     Uncertainty modeling initialized: num_rules=10000, num_samples=5, lambda_0=2.0
2025-12-19 20:11:37 INFO     Finishing pre-training!
2025-12-19 20:11:38 INFO     Test the results of pre-training
2025-12-19 20:11:39 INFO     Pre-computed rule_mu for grounding: mean=-2.654866, std=2.140228
2025-12-19 20:11:39 INFO     >>>>> RulE: Grounding-Training
2025-12-19 20:11:39 INFO     -------------------------
2025-12-19 20:11:39 INFO     | Iteration: 1/5
2025-12-19 20:11:39 INFO     -------------------------
2025-12-19 20:11:51 INFO     loss:    10 224 4.449572 3026.4
2025-12-19 20:12:03 INFO     loss:    20 224 3.995892 3213.6
2025-12-19 20:12:07 INFO     loss:    30 224 4.146965 2849.6
2025-12-19 20:12:18 INFO     loss:    40 224 4.494876 3307.2
2025-12-19 20:12:36 INFO     loss:    50 224 3.767631 2943.2
2025-12-19 20:12:49 INFO     loss:    60 224 3.506710 2776.8
2025-12-19 20:12:56 INFO     loss:    70 224 4.119292 2412.8
2025-12-19 20:13:04 INFO     loss:    80 224 3.584177 2943.2
2025-12-19 20:13:12 INFO     loss:    90 224 3.254336 3036.8
2025-12-19 20:13:21 INFO     loss:    100 224 4.309306 2683.2
2025-12-19 20:13:28 INFO     loss:    110 224 4.017354 2964.0
2025-12-19 20:13:44 INFO     loss:    120 224 3.253886 3328.0
2025-12-19 20:13:47 INFO     loss:    130 224 4.053626 2870.4
2025-12-19 20:13:52 INFO     loss:    140 224 3.135303 3244.8
2025-12-19 20:13:59 INFO     loss:    150 224 3.094862 3203.2
2025-12-19 20:14:03 INFO     loss:    160 224 2.754247 3244.8
2025-12-19 20:14:06 INFO     loss:    170 224 3.122310 2329.6
2025-12-19 20:14:14 INFO     loss:    180 224 2.924664 2995.2
2025-12-19 20:14:17 INFO     loss:    190 224 2.989670 3068.0
2025-12-19 20:14:25 INFO     loss:    200 224 2.689614 2922.4
2025-12-19 20:14:34 INFO     loss:    210 224 2.707346 2984.8
2025-12-19 20:14:42 INFO     loss:    220 224 2.544234 3328.0
2025-12-19 20:14:43 INFO     >>>>> Predictor: Evaluating on valid
2025-12-19 20:16:27 INFO     Data : 4274
2025-12-19 20:16:27 INFO     Hit1 : 0.517782
2025-12-19 20:16:27 INFO     Hit3 : 0.777024
2025-12-19 20:16:27 INFO     Hit10: 0.948058
2025-12-19 20:16:27 INFO     MR   : 3.326860
2025-12-19 20:16:27 INFO     MRR  : 0.666603
2025-12-19 20:16:27 INFO     Save checkpoint to kinship\grounding.pt
2025-12-19 20:16:28 INFO     -------------------------
2025-12-19 20:16:28 INFO     | Iteration: 2/5
2025-12-19 20:16:28 INFO     -------------------------
2025-12-19 20:16:40 INFO     loss:    10 224 3.144044 3026.4
2025-12-19 20:16:51 INFO     loss:    20 224 2.800642 3213.6
2025-12-19 20:16:55 INFO     loss:    30 224 2.710495 2849.6
2025-12-19 20:17:06 INFO     loss:    40 224 2.684202 3307.2
2025-12-19 20:17:24 INFO     loss:    50 224 3.039529 2943.2
2025-12-19 20:17:36 INFO     loss:    60 224 2.618713 2776.8
2025-12-19 20:17:43 INFO     loss:    70 224 2.608610 2412.8
2025-12-19 20:17:51 INFO     loss:    80 224 2.869573 2943.2
2025-12-19 20:17:59 INFO     loss:    90 224 2.639984 3036.8
2025-12-19 20:18:08 INFO     loss:    100 224 1.887525 2683.2
2025-12-19 20:18:16 INFO     loss:    110 224 2.725982 2964.0
2025-12-19 20:18:31 INFO     loss:    120 224 2.824209 3328.0
2025-12-19 20:18:35 INFO     loss:    130 224 1.793489 2870.4
2025-12-19 20:18:39 INFO     loss:    140 224 2.878692 3244.8
2025-12-19 20:18:46 INFO     loss:    150 224 2.673157 3203.2
2025-12-19 20:18:50 INFO     loss:    160 224 2.162786 3244.8
2025-12-19 20:18:53 INFO     loss:    170 224 2.898029 2329.6
2025-12-19 20:19:01 INFO     loss:    180 224 2.270156 2995.2
2025-12-19 20:19:05 INFO     loss:    190 224 2.850269 3068.0
2025-12-19 20:19:12 INFO     loss:    200 224 2.375303 2922.4
2025-12-19 20:19:21 INFO     loss:    210 224 2.320952 2984.8
2025-12-19 20:19:29 INFO     loss:    220 224 2.274616 3328.0
2025-12-19 20:19:30 INFO     >>>>> Predictor: Evaluating on valid
2025-12-19 20:21:13 INFO     Data : 4274
2025-12-19 20:21:13 INFO     Hit1 : 0.551474
2025-12-19 20:21:13 INFO     Hit3 : 0.799485
2025-12-19 20:21:13 INFO     Hit10: 0.957651
2025-12-19 20:21:13 INFO     MR   : 3.084932
2025-12-19 20:21:13 INFO     MRR  : 0.693283
2025-12-19 20:21:13 INFO     Save checkpoint to kinship\grounding.pt
2025-12-19 20:21:14 INFO     -------------------------
2025-12-19 20:21:14 INFO     | Iteration: 3/5
2025-12-19 20:21:14 INFO     -------------------------
2025-12-19 20:21:26 INFO     loss:    10 224 2.984676 3026.4
2025-12-19 20:21:37 INFO     loss:    20 224 2.675261 3213.6
2025-12-19 20:21:41 INFO     loss:    30 224 2.357121 2849.6
2025-12-19 20:21:53 INFO     loss:    40 224 2.400113 3307.2
2025-12-19 20:22:10 INFO     loss:    50 224 2.916813 2943.2
2025-12-19 20:22:23 INFO     loss:    60 224 2.390326 2776.8
2025-12-19 20:22:30 INFO     loss:    70 224 2.355610 2412.8
2025-12-19 20:22:37 INFO     loss:    80 224 2.722112 2943.2
2025-12-19 20:22:45 INFO     loss:    90 224 2.354525 3036.8
2025-12-19 20:22:54 INFO     loss:    100 224 0.377097 2683.2
2025-12-19 20:23:01 INFO     loss:    110 224 2.102722 2964.0
2025-12-19 20:23:17 INFO     loss:    120 224 2.619040 3328.0
2025-12-19 20:23:21 INFO     loss:    130 224 0.182323 2870.4
2025-12-19 20:23:24 INFO     loss:    140 224 2.622344 3244.8
2025-12-19 20:23:32 INFO     loss:    150 224 2.461255 3203.2
2025-12-19 20:23:35 INFO     loss:    160 224 1.827177 3244.8
2025-12-19 20:23:38 INFO     loss:    170 224 2.751533 2329.6
2025-12-19 20:23:45 INFO     loss:    180 224 1.888301 2995.2
2025-12-19 20:23:49 INFO     loss:    190 224 2.725654 3068.0
2025-12-19 20:23:57 INFO     loss:    200 224 2.183167 2922.4
2025-12-19 20:24:06 INFO     loss:    210 224 2.059332 2984.8
2025-12-19 20:24:13 INFO     loss:    220 224 2.040484 3328.0
2025-12-19 20:24:15 INFO     >>>>> Predictor: Evaluating on valid
2025-12-19 20:25:56 INFO     Data : 4274
2025-12-19 20:25:56 INFO     Hit1 : 0.533926
2025-12-19 20:25:56 INFO     Hit3 : 0.779832
2025-12-19 20:25:56 INFO     Hit10: 0.950164
2025-12-19 20:25:56 INFO     MR   : 3.229527
2025-12-19 20:25:56 INFO     MRR  : 0.678204
2025-12-19 20:25:56 INFO     -------------------------
2025-12-19 20:25:56 INFO     | Iteration: 4/5
2025-12-19 20:25:56 INFO     -------------------------
2025-12-19 20:26:09 INFO     loss:    10 224 2.856761 3026.4
2025-12-19 20:26:20 INFO     loss:    20 224 2.509628 3213.6
2025-12-19 20:26:23 INFO     loss:    30 224 2.016854 2849.6
2025-12-19 20:26:35 INFO     loss:    40 224 2.071410 3307.2
2025-12-19 20:26:52 INFO     loss:    50 224 2.768261 2943.2
2025-12-19 20:27:05 INFO     loss:    60 224 2.108327 2776.8
2025-12-19 20:27:12 INFO     loss:    70 224 2.076573 2412.8
2025-12-19 20:27:19 INFO     loss:    80 224 2.565629 2943.2
2025-12-19 20:27:27 INFO     loss:    90 224 2.040816 3036.8
2025-12-19 20:27:36 INFO     loss:    100 224 0.035848 2683.2
2025-12-19 20:27:43 INFO     loss:    110 224 1.583765 2964.0
2025-12-19 20:27:59 INFO     loss:    120 224 2.390620 3328.0
2025-12-19 20:28:03 INFO     loss:    130 224 0.019985 2870.4
2025-12-19 20:28:07 INFO     loss:    140 224 2.275558 3244.8
2025-12-19 20:28:14 INFO     loss:    150 224 2.226310 3203.2
2025-12-19 20:28:18 INFO     loss:    160 224 1.476640 3244.8
2025-12-19 20:28:21 INFO     loss:    170 224 2.696555 2329.6
2025-12-19 20:28:28 INFO     loss:    180 224 1.492767 2995.2
2025-12-19 20:28:32 INFO     loss:    190 224 2.549650 3068.0
2025-12-19 20:28:39 INFO     loss:    200 224 1.968922 2922.4
2025-12-19 20:28:48 INFO     loss:    210 224 1.733184 2984.8
2025-12-19 20:28:56 INFO     loss:    220 224 1.768490 3328.0
2025-12-19 20:28:57 INFO     >>>>> Predictor: Evaluating on valid
2025-12-19 20:30:39 INFO     Data : 4274
2025-12-19 20:30:39 INFO     Hit1 : 0.487833
2025-12-19 20:30:39 INFO     Hit3 : 0.755030
2025-12-19 20:30:39 INFO     Hit10: 0.946654
2025-12-19 20:30:39 INFO     MR   : 3.492279
2025-12-19 20:30:39 INFO     MRR  : 0.644875
2025-12-19 20:30:39 INFO     -------------------------
2025-12-19 20:30:39 INFO     | Iteration: 5/5
2025-12-19 20:30:39 INFO     -------------------------
2025-12-19 20:30:51 INFO     loss:    10 224 2.683552 3026.4
2025-12-19 20:31:03 INFO     loss:    20 224 2.262997 3213.6
2025-12-19 20:31:06 INFO     loss:    30 224 1.608261 2849.6
2025-12-19 20:31:18 INFO     loss:    40 224 1.700032 3307.2
2025-12-19 20:31:35 INFO     loss:    50 224 2.604752 2943.2
2025-12-19 20:31:48 INFO     loss:    60 224 1.802745 2776.8
2025-12-19 20:31:55 INFO     loss:    70 224 1.795420 2412.8
2025-12-19 20:32:02 INFO     loss:    80 224 2.366682 2943.2
2025-12-19 20:32:10 INFO     loss:    90 224 1.688360 3036.8
2025-12-19 20:32:19 INFO     loss:    100 224 0.005224 2683.2
2025-12-19 20:32:26 INFO     loss:    110 224 1.136073 2964.0
2025-12-19 20:32:42 INFO     loss:    120 224 2.131065 3328.0
2025-12-19 20:32:45 INFO     loss:    130 224 0.003826 2870.4
2025-12-19 20:32:50 INFO     loss:    140 224 1.919379 3244.8
2025-12-19 20:32:57 INFO     loss:    150 224 1.978267 3203.2
2025-12-19 20:33:01 INFO     loss:    160 224 1.171818 3244.8
2025-12-19 20:33:04 INFO     loss:    170 224 2.492978 2329.6
2025-12-19 20:33:12 INFO     loss:    180 224 1.153183 2995.2
2025-12-19 20:33:16 INFO     loss:    190 224 2.230284 3068.0
2025-12-19 20:33:23 INFO     loss:    200 224 1.721645 2922.4
2025-12-19 20:33:32 INFO     loss:    210 224 1.361819 2984.8
2025-12-19 20:33:40 INFO     loss:    220 224 1.487475 3328.0
2025-12-19 20:33:41 INFO     >>>>> Predictor: Evaluating on valid
2025-12-19 20:35:24 INFO     Data : 4274
2025-12-19 20:35:24 INFO     Hit1 : 0.453673
2025-12-19 20:35:24 INFO     Hit3 : 0.729527
2025-12-19 20:35:24 INFO     Hit10: 0.937295
2025-12-19 20:35:24 INFO     MR   : 3.763453
2025-12-19 20:35:24 INFO     MRR  : 0.617947
2025-12-19 20:35:24 INFO     -------------------------
2025-12-19 20:35:24 INFO     | Final Test MRR: 0.000000
2025-12-19 20:35:24 INFO     -------------------------
2025-12-19 20:35:24 INFO     >>>>> Predictor: Evaluating on valid
2025-12-19 20:37:06 INFO     Data : 4274
2025-12-19 20:37:06 INFO     Hit1 : 0.551474
2025-12-19 20:37:06 INFO     Hit3 : 0.799485
2025-12-19 20:37:06 INFO     Hit10: 0.957651
2025-12-19 20:37:06 INFO     MR   : 3.084932
2025-12-19 20:37:06 INFO     MRR  : 0.693283
2025-12-19 20:37:06 INFO     >>>>> Predictor: Evaluating on test
2025-12-19 20:40:16 INFO     Data : 10686
2025-12-19 20:40:16 INFO     Hit1 : 0.520681
2025-12-19 20:40:16 INFO     Hit3 : 0.769137
2025-12-19 20:40:16 INFO     Hit10: 0.946285
2025-12-19 20:40:16 INFO     MR   : 3.344937
2025-12-19 20:40:16 INFO     MRR  : 0.667118
2025-12-19 20:40:16 INFO     >>>>> Predictor: Evaluating on test_kge
2025-12-19 20:45:37 INFO     Data : 10686
2025-12-19 20:45:37 INFO     Hit1 : 0.615946
2025-12-19 20:45:37 INFO     Hit3 : 0.828467
2025-12-19 20:45:37 INFO     Hit10: 0.956111
2025-12-19 20:45:37 INFO     MR   : 2.909321
2025-12-19 20:45:37 INFO     MRR  : 0.737607
