2025-12-20 15:34:59 INFO     Query-Conditioned Attention enabled: attention_hidden_dim=64, dropout=0.1
2025-12-20 15:34:59 INFO     Hierarchical Rule Aggregation enabled: groups=3, thresholds=(0.4, 0.7), hidden_dim=64, dropout=0.1
2025-12-20 15:34:59 INFO     read 10000 rules from list.
2025-12-20 15:34:59 INFO     Loaded support_counts from ../data/kinship\support_counts.pt
2025-12-20 15:34:59 INFO     Uncertainty modeling initialized: num_rules=10000, num_samples=5, lambda_0=2.0
2025-12-20 15:34:59 INFO     Finishing pre-training!
2025-12-20 15:35:00 INFO     Pre-computed rule_mu for grounding: mean=-2.654836, std=2.140254
2025-12-20 15:35:00 INFO     >>>>> RulE: Grounding-Training
2025-12-20 15:35:00 INFO     -------------------------
2025-12-20 15:35:00 INFO     | Iteration: 1/5
2025-12-20 15:35:00 INFO     -------------------------
2025-12-20 15:35:24 INFO     loss:    10 224 4.526779 3026.4
2025-12-20 15:35:55 INFO     loss:    20 224 4.238503 3213.6
2025-12-20 15:36:02 INFO     loss:    30 224 4.301939 2849.6
2025-12-20 15:36:37 INFO     loss:    40 224 4.414813 3307.2
2025-12-20 15:37:15 INFO     loss:    50 224 4.082101 2943.2
2025-12-20 15:37:43 INFO     loss:    60 224 3.882557 2776.8
2025-12-20 15:37:53 INFO     loss:    70 224 4.100407 2412.8
2025-12-20 15:38:20 INFO     loss:    80 224 3.881552 2943.2
2025-12-20 15:38:44 INFO     loss:    90 224 3.630064 3036.8
2025-12-20 15:39:10 INFO     loss:    100 224 4.559469 2683.2
2025-12-20 15:39:30 INFO     loss:    110 224 3.864501 2964.0
2025-12-20 15:40:09 INFO     loss:    120 224 3.492178 3328.0
2025-12-20 15:40:44 INFO     loss:    130 224 4.367906 2870.4
2025-12-20 15:41:05 INFO     loss:    140 224 3.371082 3244.8
2025-12-20 15:41:22 INFO     loss:    150 224 3.522066 3203.2
2025-12-20 15:41:30 INFO     loss:    160 224 2.876868 3244.8
2025-12-20 15:41:45 INFO     loss:    170 224 3.272442 2329.6
2025-12-20 15:42:06 INFO     loss:    180 224 3.045028 2995.2
2025-12-20 15:42:33 INFO     loss:    190 224 2.997109 3068.0
2025-12-20 15:43:01 INFO     loss:    200 224 2.744484 2922.4
2025-12-20 15:43:19 INFO     loss:    210 224 2.752888 2984.8
2025-12-20 15:43:50 INFO     loss:    220 224 2.554710 3328.0
2025-12-20 15:43:59 INFO     >>>>> Predictor: Evaluating on valid
2025-12-20 15:45:37 INFO     Data : 4274
2025-12-20 15:45:37 INFO     Hit1 : 0.507253
2025-12-20 15:45:37 INFO     Hit3 : 0.751989
2025-12-20 15:45:37 INFO     Hit10: 0.939869
2025-12-20 15:45:37 INFO     MR   : 3.484324
2025-12-20 15:45:37 INFO     MRR  : 0.654472
2025-12-20 15:45:37 INFO     Save checkpoint to kinship\grounding.pt
2025-12-20 15:45:37 INFO     -------------------------
2025-12-20 15:45:37 INFO     | Iteration: 2/5
2025-12-20 15:45:37 INFO     -------------------------
2025-12-20 15:46:01 INFO     loss:    10 224 3.202121 3026.4
2025-12-20 15:46:30 INFO     loss:    20 224 2.792434 3213.6
2025-12-20 15:46:37 INFO     loss:    30 224 2.678387 2849.6
2025-12-20 15:47:12 INFO     loss:    40 224 2.686141 3307.2
2025-12-20 15:47:46 INFO     loss:    50 224 3.005430 2943.2
2025-12-20 15:48:14 INFO     loss:    60 224 2.611518 2776.8
2025-12-20 15:48:24 INFO     loss:    70 224 2.614142 2412.8
2025-12-20 15:48:51 INFO     loss:    80 224 2.919923 2943.2
2025-12-20 15:49:15 INFO     loss:    90 224 2.658838 3036.8
2025-12-20 15:49:41 INFO     loss:    100 224 4.573727 2683.2
2025-12-20 15:50:01 INFO     loss:    110 224 2.697092 2964.0
2025-12-20 15:50:41 INFO     loss:    120 224 2.811176 3328.0
2025-12-20 15:51:15 INFO     loss:    130 224 4.525508 2870.4
2025-12-20 15:51:36 INFO     loss:    140 224 2.873046 3244.8
2025-12-20 15:51:54 INFO     loss:    150 224 2.678018 3203.2
2025-12-20 15:52:02 INFO     loss:    160 224 2.127975 3244.8
2025-12-20 15:52:16 INFO     loss:    170 224 2.871261 2329.6
2025-12-20 15:52:37 INFO     loss:    180 224 2.204798 2995.2
2025-12-20 15:53:04 INFO     loss:    190 224 2.785131 3068.0
2025-12-20 15:53:32 INFO     loss:    200 224 2.363450 2922.4
2025-12-20 15:53:50 INFO     loss:    210 224 2.307714 2984.8
2025-12-20 15:54:21 INFO     loss:    220 224 2.241899 3328.0
2025-12-20 15:54:30 INFO     >>>>> Predictor: Evaluating on valid
2025-12-20 15:56:08 INFO     Data : 4274
2025-12-20 15:56:08 INFO     Hit1 : 0.545625
2025-12-20 15:56:08 INFO     Hit3 : 0.796444
2025-12-20 15:56:08 INFO     Hit10: 0.955545
2025-12-20 15:56:08 INFO     MR   : 3.112775
2025-12-20 15:56:08 INFO     MRR  : 0.689684
2025-12-20 15:56:08 INFO     Save checkpoint to kinship\grounding.pt
2025-12-20 15:56:08 INFO     -------------------------
2025-12-20 15:56:08 INFO     | Iteration: 3/5
2025-12-20 15:56:08 INFO     -------------------------
2025-12-20 15:56:33 INFO     loss:    10 224 2.974771 3026.4
2025-12-20 15:57:02 INFO     loss:    20 224 2.651755 3213.6
2025-12-20 15:57:09 INFO     loss:    30 224 2.295936 2849.6
2025-12-20 15:57:44 INFO     loss:    40 224 2.366788 3307.2
2025-12-20 15:58:18 INFO     loss:    50 224 2.853473 2943.2
2025-12-20 15:58:46 INFO     loss:    60 224 2.339424 2776.8
2025-12-20 15:58:55 INFO     loss:    70 224 2.257845 2412.8
2025-12-20 15:59:23 INFO     loss:    80 224 2.752878 2943.2
2025-12-20 15:59:47 INFO     loss:    90 224 2.307856 3036.8
2025-12-20 16:00:13 INFO     loss:    100 224 4.596580 2683.2
2025-12-20 16:00:33 INFO     loss:    110 224 2.038666 2964.0
2025-12-20 16:01:12 INFO     loss:    120 224 2.547524 3328.0
2025-12-20 16:01:46 INFO     loss:    130 224 4.082689 2870.4
2025-12-20 16:02:08 INFO     loss:    140 224 2.536132 3244.8
2025-12-20 16:02:25 INFO     loss:    150 224 2.421839 3203.2
2025-12-20 16:02:33 INFO     loss:    160 224 1.739811 3244.8
2025-12-20 16:02:48 INFO     loss:    170 224 2.740306 2329.6
2025-12-20 16:03:09 INFO     loss:    180 224 1.770759 2995.2
2025-12-20 16:03:36 INFO     loss:    190 224 2.649931 3068.0
2025-12-20 16:04:04 INFO     loss:    200 224 2.147284 2922.4
2025-12-20 16:04:22 INFO     loss:    210 224 1.995437 2984.8
2025-12-20 16:04:52 INFO     loss:    220 224 1.968639 3328.0
2025-12-20 16:05:02 INFO     >>>>> Predictor: Evaluating on valid
2025-12-20 16:06:40 INFO     Data : 4274
2025-12-20 16:06:40 INFO     Hit1 : 0.523865
2025-12-20 16:06:40 INFO     Hit3 : 0.773280
2025-12-20 16:06:40 INFO     Hit10: 0.950398
2025-12-20 16:06:40 INFO     MR   : 3.280299
2025-12-20 16:06:40 INFO     MRR  : 0.670935
2025-12-20 16:06:40 INFO     -------------------------
2025-12-20 16:06:40 INFO     | Iteration: 4/5
2025-12-20 16:06:40 INFO     -------------------------
2025-12-20 16:07:03 INFO     loss:    10 224 2.851612 3026.4
2025-12-20 16:07:33 INFO     loss:    20 224 2.442514 3213.6
2025-12-20 16:07:40 INFO     loss:    30 224 1.905097 2849.6
2025-12-20 16:08:15 INFO     loss:    40 224 1.945697 3307.2
2025-12-20 16:08:49 INFO     loss:    50 224 2.691644 2943.2
2025-12-20 16:09:16 INFO     loss:    60 224 2.010627 2776.8
2025-12-20 16:09:26 INFO     loss:    70 224 1.969194 2412.8
2025-12-20 16:09:53 INFO     loss:    80 224 2.540337 2943.2
2025-12-20 16:10:17 INFO     loss:    90 224 1.936160 3036.8
2025-12-20 16:10:43 INFO     loss:    100 224 4.607873 2683.2
2025-12-20 16:11:03 INFO     loss:    110 224 1.466595 2964.0
2025-12-20 16:11:43 INFO     loss:    120 224 2.287464 3328.0
2025-12-20 16:12:17 INFO     loss:    130 224 1.352966 2870.4
2025-12-20 16:12:39 INFO     loss:    140 224 2.136558 3244.8
2025-12-20 16:12:56 INFO     loss:    150 224 2.152194 3203.2
2025-12-20 16:13:04 INFO     loss:    160 224 1.347422 3244.8
2025-12-20 16:13:18 INFO     loss:    170 224 2.671278 2329.6
2025-12-20 16:13:39 INFO     loss:    180 224 1.360593 2995.2
2025-12-20 16:14:06 INFO     loss:    190 224 2.385960 3068.0
2025-12-20 16:14:34 INFO     loss:    200 224 1.891292 2922.4
2025-12-20 16:14:53 INFO     loss:    210 224 1.654665 2984.8
2025-12-20 16:15:23 INFO     loss:    220 224 1.652700 3328.0
2025-12-20 16:15:32 INFO     >>>>> Predictor: Evaluating on valid
2025-12-20 16:17:10 INFO     Data : 4274
2025-12-20 16:17:10 INFO     Hit1 : 0.475433
2025-12-20 16:17:10 INFO     Hit3 : 0.747075
2025-12-20 16:17:10 INFO     Hit10: 0.941039
2025-12-20 16:17:10 INFO     MR   : 3.552410
2025-12-20 16:17:10 INFO     MRR  : 0.635106
2025-12-20 16:17:10 INFO     -------------------------
2025-12-20 16:17:10 INFO     | Iteration: 5/5
2025-12-20 16:17:10 INFO     -------------------------
2025-12-20 16:17:35 INFO     loss:    10 224 2.656223 3026.4
2025-12-20 16:18:04 INFO     loss:    20 224 2.156705 3213.6
2025-12-20 16:18:11 INFO     loss:    30 224 1.470793 2849.6
2025-12-20 16:18:46 INFO     loss:    40 224 1.587593 3307.2
2025-12-20 16:19:20 INFO     loss:    50 224 2.515684 2943.2
2025-12-20 16:19:48 INFO     loss:    60 224 1.696375 2776.8
2025-12-20 16:19:58 INFO     loss:    70 224 1.695989 2412.8
2025-12-20 16:20:25 INFO     loss:    80 224 2.251198 2943.2
2025-12-20 16:20:49 INFO     loss:    90 224 1.555414 3036.8
2025-12-20 16:21:15 INFO     loss:    100 224 4.600930 2683.2
2025-12-20 16:21:35 INFO     loss:    110 224 1.060846 2964.0
2025-12-20 16:22:14 INFO     loss:    120 224 1.968959 3328.0
2025-12-20 16:22:48 INFO     loss:    130 224 0.255769 2870.4
2025-12-20 16:23:10 INFO     loss:    140 224 1.771309 3244.8
2025-12-20 16:23:27 INFO     loss:    150 224 1.921314 3203.2
2025-12-20 16:23:35 INFO     loss:    160 224 1.073097 3244.8
2025-12-20 16:23:50 INFO     loss:    170 224 2.360375 2329.6
2025-12-20 16:24:10 INFO     loss:    180 224 1.048747 2995.2
2025-12-20 16:24:37 INFO     loss:    190 224 2.062976 3068.0
2025-12-20 16:25:05 INFO     loss:    200 224 1.663109 2922.4
2025-12-20 16:25:24 INFO     loss:    210 224 1.222842 2984.8
2025-12-20 16:25:54 INFO     loss:    220 224 1.381779 3328.0
2025-12-20 16:26:04 INFO     >>>>> Predictor: Evaluating on valid
2025-12-20 16:27:42 INFO     Data : 4274
2025-12-20 16:27:42 INFO     Hit1 : 0.441273
2025-12-20 16:27:42 INFO     Hit3 : 0.716425
2025-12-20 16:27:42 INFO     Hit10: 0.930744
2025-12-20 16:27:42 INFO     MR   : 3.885119
2025-12-20 16:27:42 INFO     MRR  : 0.605506
2025-12-20 16:27:42 INFO     >>>>> Predictor: Evaluating on valid
2025-12-20 16:29:19 INFO     Data : 4274
2025-12-20 16:29:19 INFO     Hit1 : 0.545625
2025-12-20 16:29:19 INFO     Hit3 : 0.796444
2025-12-20 16:29:19 INFO     Hit10: 0.955545
2025-12-20 16:29:19 INFO     MR   : 3.112775
2025-12-20 16:29:19 INFO     MRR  : 0.689684
2025-12-20 16:29:19 INFO     >>>>> Predictor: Evaluating on test
2025-12-20 16:33:28 INFO     Data : 10686
2025-12-20 16:33:28 INFO     Hit1 : 0.515909
2025-12-20 16:33:28 INFO     Hit3 : 0.768576
2025-12-20 16:33:28 INFO     Hit10: 0.944881
2025-12-20 16:33:28 INFO     MR   : 3.357664
2025-12-20 16:33:28 INFO     MRR  : 0.663914
2025-12-20 16:33:28 INFO     >>>>> Predictor: Evaluating on test_kge
2025-12-20 16:34:42 INFO     Data : 10686
2025-12-20 16:34:42 INFO     Hit1 : 0.618192
2025-12-20 16:34:42 INFO     Hit3 : 0.828654
2025-12-20 16:34:42 INFO     Hit10: 0.956298
2025-12-20 16:34:42 INFO     MR   : 2.896032
2025-12-20 16:34:42 INFO     MRR  : 0.739124
2025-12-20 16:34:42 INFO     -------------------------
2025-12-20 16:34:42 INFO     | Best Valid MRR: 0.689684
2025-12-20 16:34:42 INFO     | Best Test MRR : 0.663914
2025-12-20 16:34:42 INFO     | Test+KGE MRR  : 0.739124
2025-12-20 16:34:42 INFO     -------------------------
