2025-12-20 14:14:37 INFO     Query-Conditioned Attention enabled: attention_hidden_dim=64, dropout=0.1
2025-12-20 14:14:37 INFO     read 10000 rules from list.
2025-12-20 14:14:37 INFO     Loaded support_counts from ../data/kinship\support_counts.pt
2025-12-20 14:14:37 INFO     Uncertainty modeling initialized: num_rules=10000, num_samples=5, lambda_0=2.0
2025-12-20 14:14:37 INFO     Finishing pre-training!
2025-12-20 14:14:37 INFO     Test the results of pre-training
2025-12-20 14:14:38 INFO     Pre-computed rule_mu for grounding: mean=-2.654836, std=2.140254
2025-12-20 14:14:38 INFO     >>>>> RulE: Grounding-Training
2025-12-20 14:14:38 INFO     -------------------------
2025-12-20 14:14:38 INFO     | Iteration: 1/10
2025-12-20 14:14:38 INFO     -------------------------
2025-12-20 14:14:52 INFO     loss:    10 224 4.466615 3026.4
2025-12-20 14:15:03 INFO     loss:    20 224 4.008428 3213.6
2025-12-20 14:15:04 INFO     loss:    30 224 4.182812 2849.6
2025-12-20 14:15:17 INFO     loss:    40 224 4.553167 3307.2
2025-12-20 14:15:31 INFO     loss:    50 224 3.821711 2943.2
2025-12-20 14:15:41 INFO     loss:    60 224 3.572855 2776.8
2025-12-20 14:15:46 INFO     loss:    70 224 4.208569 2412.8
2025-12-20 14:15:56 INFO     loss:    80 224 3.657289 2943.2
2025-12-20 14:16:02 INFO     loss:    90 224 3.319350 3036.8
2025-12-20 14:16:12 INFO     loss:    100 224 4.447366 2683.2
2025-12-20 14:16:19 INFO     loss:    110 224 4.171867 2964.0
2025-12-20 14:16:35 INFO     loss:    120 224 3.336580 3328.0
2025-12-20 14:16:46 INFO     loss:    130 224 4.304005 2870.4
2025-12-20 14:16:53 INFO     loss:    140 224 3.127330 3244.8
2025-12-20 14:17:00 INFO     loss:    150 224 3.154485 3203.2
2025-12-20 14:17:01 INFO     loss:    160 224 2.790053 3244.8
2025-12-20 14:17:05 INFO     loss:    170 224 3.152439 2329.6
2025-12-20 14:17:12 INFO     loss:    180 224 2.981087 2995.2
2025-12-20 14:17:19 INFO     loss:    190 224 3.003956 3068.0
2025-12-20 14:17:28 INFO     loss:    200 224 2.760925 2922.4
2025-12-20 14:17:35 INFO     loss:    210 224 2.779933 2984.8
2025-12-20 14:17:45 INFO     loss:    220 224 2.574062 3328.0
2025-12-20 14:17:49 INFO     >>>>> Predictor: Evaluating on valid
2025-12-20 14:18:36 INFO     Data : 4274
2025-12-20 14:18:36 INFO     Hit1 : 0.500234
2025-12-20 14:18:36 INFO     Hit3 : 0.761114
2025-12-20 14:18:36 INFO     Hit10: 0.948292
2025-12-20 14:18:36 INFO     MR   : 3.395414
2025-12-20 14:18:36 INFO     MRR  : 0.654232
2025-12-20 14:18:36 INFO     Save checkpoint to kinship\grounding.pt
2025-12-20 14:18:36 INFO     -------------------------
2025-12-20 14:18:36 INFO     | Iteration: 2/10
2025-12-20 14:18:36 INFO     -------------------------
2025-12-20 14:18:52 INFO     loss:    10 224 3.150145 3026.4
2025-12-20 14:19:02 INFO     loss:    20 224 2.822906 3213.6
2025-12-20 14:19:03 INFO     loss:    30 224 2.743011 2849.6
2025-12-20 14:19:16 INFO     loss:    40 224 2.739802 3307.2
2025-12-20 14:19:29 INFO     loss:    50 224 3.029269 2943.2
2025-12-20 14:19:39 INFO     loss:    60 224 2.637439 2776.8
2025-12-20 14:19:44 INFO     loss:    70 224 2.643630 2412.8
2025-12-20 14:19:53 INFO     loss:    80 224 2.909835 2943.2
2025-12-20 14:20:00 INFO     loss:    90 224 2.625512 3036.8
2025-12-20 14:20:10 INFO     loss:    100 224 1.965959 2683.2
2025-12-20 14:20:17 INFO     loss:    110 224 2.751575 2964.0
2025-12-20 14:20:32 INFO     loss:    120 224 2.825165 3328.0
2025-12-20 14:20:44 INFO     loss:    130 224 1.928581 2870.4
2025-12-20 14:20:51 INFO     loss:    140 224 2.806231 3244.8
2025-12-20 14:20:58 INFO     loss:    150 224 2.653179 3203.2
2025-12-20 14:21:00 INFO     loss:    160 224 2.117443 3244.8
2025-12-20 14:21:03 INFO     loss:    170 224 2.876226 2329.6
2025-12-20 14:21:11 INFO     loss:    180 224 2.181422 2995.2
2025-12-20 14:21:17 INFO     loss:    190 224 2.826544 3068.0
2025-12-20 14:21:27 INFO     loss:    200 224 2.387853 2922.4
2025-12-20 14:21:34 INFO     loss:    210 224 2.287980 2984.8
2025-12-20 14:21:44 INFO     loss:    220 224 2.262685 3328.0
2025-12-20 14:21:47 INFO     >>>>> Predictor: Evaluating on valid
2025-12-20 14:22:36 INFO     Data : 4274
2025-12-20 14:22:36 INFO     Hit1 : 0.546327
2025-12-20 14:22:36 INFO     Hit3 : 0.797380
2025-12-20 14:22:36 INFO     Hit10: 0.954843
2025-12-20 14:22:36 INFO     MR   : 3.164249
2025-12-20 14:22:36 INFO     MRR  : 0.689137
2025-12-20 14:22:36 INFO     Save checkpoint to kinship\grounding.pt
2025-12-20 14:22:36 INFO     -------------------------
2025-12-20 14:22:36 INFO     | Iteration: 3/10
2025-12-20 14:22:36 INFO     -------------------------
2025-12-20 14:22:52 INFO     loss:    10 224 2.956358 3026.4
2025-12-20 14:23:02 INFO     loss:    20 224 2.627299 3213.6
2025-12-20 14:23:04 INFO     loss:    30 224 2.320525 2849.6
2025-12-20 14:23:16 INFO     loss:    40 224 2.380955 3307.2
2025-12-20 14:23:29 INFO     loss:    50 224 2.873768 2943.2
2025-12-20 14:23:39 INFO     loss:    60 224 2.345260 2776.8
2025-12-20 14:23:44 INFO     loss:    70 224 2.340270 2412.8
2025-12-20 14:23:53 INFO     loss:    80 224 2.730067 2943.2
2025-12-20 14:24:00 INFO     loss:    90 224 2.300960 3036.8
2025-12-20 14:24:10 INFO     loss:    100 224 0.290324 2683.2
2025-12-20 14:24:17 INFO     loss:    110 224 2.069602 2964.0
2025-12-20 14:24:32 INFO     loss:    120 224 2.582586 3328.0
2025-12-20 14:24:44 INFO     loss:    130 224 0.212247 2870.4
2025-12-20 14:24:50 INFO     loss:    140 224 2.523074 3244.8
2025-12-20 14:24:57 INFO     loss:    150 224 2.421612 3203.2
2025-12-20 14:24:59 INFO     loss:    160 224 1.764958 3244.8
2025-12-20 14:25:03 INFO     loss:    170 224 2.726760 2329.6
2025-12-20 14:25:10 INFO     loss:    180 224 1.786277 2995.2
2025-12-20 14:25:16 INFO     loss:    190 224 2.696938 3068.0
2025-12-20 14:25:26 INFO     loss:    200 224 2.148378 2922.4
2025-12-20 14:25:33 INFO     loss:    210 224 1.997593 2984.8
2025-12-20 14:25:43 INFO     loss:    220 224 2.001377 3328.0
2025-12-20 14:25:46 INFO     >>>>> Predictor: Evaluating on valid
2025-12-20 14:26:34 INFO     Data : 4274
2025-12-20 14:26:34 INFO     Hit1 : 0.529013
2025-12-20 14:26:34 INFO     Hit3 : 0.779364
2025-12-20 14:26:34 INFO     Hit10: 0.948292
2025-12-20 14:26:34 INFO     MR   : 3.301591
2025-12-20 14:26:34 INFO     MRR  : 0.674775
2025-12-20 14:26:34 INFO     -------------------------
2025-12-20 14:26:34 INFO     | Iteration: 4/10
2025-12-20 14:26:34 INFO     -------------------------
2025-12-20 14:26:49 INFO     loss:    10 224 2.825363 3026.4
2025-12-20 14:26:59 INFO     loss:    20 224 2.440192 3213.6
2025-12-20 14:27:00 INFO     loss:    30 224 1.924719 2849.6
2025-12-20 14:27:13 INFO     loss:    40 224 1.993658 3307.2
2025-12-20 14:27:26 INFO     loss:    50 224 2.723841 2943.2
2025-12-20 14:27:36 INFO     loss:    60 224 2.026284 2776.8
2025-12-20 14:27:40 INFO     loss:    70 224 2.019001 2412.8
2025-12-20 14:27:50 INFO     loss:    80 224 2.547287 2943.2
2025-12-20 14:27:57 INFO     loss:    90 224 1.970197 3036.8
2025-12-20 14:28:06 INFO     loss:    100 224 0.033002 2683.2
2025-12-20 14:28:13 INFO     loss:    110 224 1.515714 2964.0
2025-12-20 14:28:29 INFO     loss:    120 224 2.345894 3328.0
2025-12-20 14:28:41 INFO     loss:    130 224 0.022458 2870.4
2025-12-20 14:28:47 INFO     loss:    140 224 2.171698 3244.8
2025-12-20 14:28:54 INFO     loss:    150 224 2.171324 3203.2
2025-12-20 14:28:56 INFO     loss:    160 224 1.413875 3244.8
2025-12-20 14:29:00 INFO     loss:    170 224 2.708235 2329.6
2025-12-20 14:29:07 INFO     loss:    180 224 1.412534 2995.2
2025-12-20 14:29:13 INFO     loss:    190 224 2.470235 3068.0
2025-12-20 14:29:23 INFO     loss:    200 224 1.906124 2922.4
2025-12-20 14:29:30 INFO     loss:    210 224 1.658596 2984.8
2025-12-20 14:29:40 INFO     loss:    220 224 1.717583 3328.0
2025-12-20 14:29:44 INFO     >>>>> Predictor: Evaluating on valid
2025-12-20 14:30:32 INFO     Data : 4274
2025-12-20 14:30:32 INFO     Hit1 : 0.484324
2025-12-20 14:30:32 INFO     Hit3 : 0.752457
2025-12-20 14:30:32 INFO     Hit10: 0.943379
2025-12-20 14:30:32 INFO     MR   : 3.568320
2025-12-20 14:30:32 INFO     MRR  : 0.642113
2025-12-20 14:30:32 INFO     -------------------------
2025-12-20 14:30:32 INFO     | Iteration: 5/10
2025-12-20 14:30:32 INFO     -------------------------
2025-12-20 14:30:48 INFO     loss:    10 224 2.659816 3026.4
2025-12-20 14:30:58 INFO     loss:    20 224 2.183631 3213.6
2025-12-20 14:31:00 INFO     loss:    30 224 1.505789 2849.6
2025-12-20 14:31:12 INFO     loss:    40 224 1.609779 3307.2
2025-12-20 14:31:26 INFO     loss:    50 224 2.553523 2943.2
2025-12-20 14:31:36 INFO     loss:    60 224 1.722986 2776.8
2025-12-20 14:31:40 INFO     loss:    70 224 1.750879 2412.8
2025-12-20 14:31:50 INFO     loss:    80 224 2.296033 2943.2
2025-12-20 14:31:57 INFO     loss:    90 224 1.606034 3036.8
2025-12-20 14:32:07 INFO     loss:    100 224 0.003364 2683.2
2025-12-20 14:32:14 INFO     loss:    110 224 1.081984 2964.0
2025-12-20 14:32:30 INFO     loss:    120 224 2.063378 3328.0
2025-12-20 14:32:42 INFO     loss:    130 224 0.003664 2870.4
2025-12-20 14:32:48 INFO     loss:    140 224 1.818968 3244.8
2025-12-20 14:32:55 INFO     loss:    150 224 1.937054 3203.2
2025-12-20 14:32:57 INFO     loss:    160 224 1.130652 3244.8
2025-12-20 14:33:01 INFO     loss:    170 224 2.432754 2329.6
2025-12-20 14:33:08 INFO     loss:    180 224 1.096970 2995.2
2025-12-20 14:33:15 INFO     loss:    190 224 2.157662 3068.0
2025-12-20 14:33:24 INFO     loss:    200 224 1.685394 2922.4
2025-12-20 14:33:31 INFO     loss:    210 224 1.264661 2984.8
2025-12-20 14:33:41 INFO     loss:    220 224 1.449526 3328.0
2025-12-20 14:33:45 INFO     >>>>> Predictor: Evaluating on valid
2025-12-20 14:34:34 INFO     Data : 4274
2025-12-20 14:34:34 INFO     Hit1 : 0.447356
2025-12-20 14:34:34 INFO     Hit3 : 0.724848
2025-12-20 14:34:34 INFO     Hit10: 0.934956
2025-12-20 14:34:34 INFO     MR   : 3.915770
2025-12-20 14:34:34 INFO     MRR  : 0.610967
2025-12-20 14:34:34 INFO     -------------------------
2025-12-20 14:34:34 INFO     | Iteration: 6/10
2025-12-20 14:34:34 INFO     -------------------------
2025-12-20 14:34:50 INFO     loss:    10 224 2.551203 3026.4
2025-12-20 14:35:00 INFO     loss:    20 224 1.971994 3213.6
2025-12-20 14:35:01 INFO     loss:    30 224 1.188331 2849.6
2025-12-20 14:35:14 INFO     loss:    40 224 1.288198 3307.2
2025-12-20 14:35:27 INFO     loss:    50 224 2.481220 2943.2
2025-12-20 14:35:38 INFO     loss:    60 224 1.467801 2776.8
2025-12-20 14:35:42 INFO     loss:    70 224 1.441255 2412.8
2025-12-20 14:35:52 INFO     loss:    80 224 1.972216 2943.2
2025-12-20 14:35:59 INFO     loss:    90 224 1.283505 3036.8
2025-12-20 14:36:08 INFO     loss:    100 224 0.000903 2683.2
2025-12-20 14:36:15 INFO     loss:    110 224 1.151178 2964.0
2025-12-20 14:36:31 INFO     loss:    120 224 1.876037 3328.0
2025-12-20 14:36:43 INFO     loss:    130 224 0.000993 2870.4
2025-12-20 14:36:49 INFO     loss:    140 224 1.544807 3244.8
2025-12-20 14:36:56 INFO     loss:    150 224 1.771746 3203.2
2025-12-20 14:36:58 INFO     loss:    160 224 1.119296 3244.8
2025-12-20 14:37:02 INFO     loss:    170 224 2.233872 2329.6
2025-12-20 14:37:09 INFO     loss:    180 224 0.916359 2995.2
2025-12-20 14:37:15 INFO     loss:    190 224 2.184960 3068.0
2025-12-20 14:37:25 INFO     loss:    200 224 1.531657 2922.4
2025-12-20 14:37:32 INFO     loss:    210 224 1.250703 2984.8
2025-12-20 14:37:42 INFO     loss:    220 224 1.251171 3328.0
2025-12-20 14:37:45 INFO     >>>>> Predictor: Evaluating on valid
2025-12-20 14:38:34 INFO     Data : 4274
2025-12-20 14:38:34 INFO     Hit1 : 0.436593
2025-12-20 14:38:34 INFO     Hit3 : 0.713851
2025-12-20 14:38:34 INFO     Hit10: 0.926533
2025-12-20 14:38:34 INFO     MR   : 4.158634
2025-12-20 14:38:34 INFO     MRR  : 0.601506
2025-12-20 14:38:34 INFO     -------------------------
2025-12-20 14:38:34 INFO     | Iteration: 7/10
2025-12-20 14:38:34 INFO     -------------------------
2025-12-20 14:38:49 INFO     loss:    10 224 2.285593 3026.4
2025-12-20 14:38:59 INFO     loss:    20 224 1.788533 3213.6
2025-12-20 14:39:01 INFO     loss:    30 224 0.974893 2849.6
2025-12-20 14:39:13 INFO     loss:    40 224 1.428895 3307.2
2025-12-20 14:39:27 INFO     loss:    50 224 2.490478 2943.2
2025-12-20 14:39:37 INFO     loss:    60 224 1.353509 2776.8
2025-12-20 14:39:41 INFO     loss:    70 224 1.465361 2412.8
2025-12-20 14:39:51 INFO     loss:    80 224 1.828261 2943.2
2025-12-20 14:39:58 INFO     loss:    90 224 1.083369 3036.8
2025-12-20 14:40:08 INFO     loss:    100 224 0.000320 2683.2
2025-12-20 14:40:15 INFO     loss:    110 224 0.968901 2964.0
2025-12-20 14:40:31 INFO     loss:    120 224 1.669270 3328.0
2025-12-20 14:40:42 INFO     loss:    130 224 0.000283 2870.4
2025-12-20 14:40:49 INFO     loss:    140 224 1.351292 3244.8
2025-12-20 14:40:56 INFO     loss:    150 224 1.787145 3203.2
2025-12-20 14:40:58 INFO     loss:    160 224 0.878807 3244.8
2025-12-20 14:41:02 INFO     loss:    170 224 2.092791 2329.6
2025-12-20 14:41:09 INFO     loss:    180 224 0.851479 2995.2
2025-12-20 14:41:15 INFO     loss:    190 224 1.820425 3068.0
2025-12-20 14:41:25 INFO     loss:    200 224 1.577595 2922.4
2025-12-20 14:41:32 INFO     loss:    210 224 0.943704 2984.8
2025-12-20 14:41:42 INFO     loss:    220 224 1.117030 3328.0
2025-12-20 14:41:46 INFO     >>>>> Predictor: Evaluating on valid
2025-12-20 14:42:34 INFO     Data : 4274
2025-12-20 14:42:34 INFO     Hit1 : 0.432850
2025-12-20 14:42:34 INFO     Hit3 : 0.707066
2025-12-20 14:42:34 INFO     Hit10: 0.923725
2025-12-20 14:42:34 INFO     MR   : 4.403369
2025-12-20 14:42:34 INFO     MRR  : 0.597374
2025-12-20 14:42:34 INFO     -------------------------
2025-12-20 14:42:34 INFO     | Iteration: 8/10
2025-12-20 14:42:34 INFO     -------------------------
2025-12-20 14:42:50 INFO     loss:    10 224 2.388741 3026.4
2025-12-20 14:43:00 INFO     loss:    20 224 1.615213 3213.6
2025-12-20 14:43:01 INFO     loss:    30 224 0.867458 2849.6
2025-12-20 14:43:14 INFO     loss:    40 224 1.413251 3307.2
2025-12-20 14:43:27 INFO     loss:    50 224 2.215003 2943.2
2025-12-20 14:43:37 INFO     loss:    60 224 1.217885 2776.8
2025-12-20 14:43:42 INFO     loss:    70 224 1.321872 2412.8
2025-12-20 14:43:52 INFO     loss:    80 224 1.737954 2943.2
2025-12-20 14:43:59 INFO     loss:    90 224 1.024211 3036.8
2025-12-20 14:44:09 INFO     loss:    100 224 0.000178 2683.2
2025-12-20 14:44:16 INFO     loss:    110 224 0.913817 2964.0
2025-12-20 14:44:32 INFO     loss:    120 224 2.120510 3328.0
2025-12-20 14:44:43 INFO     loss:    130 224 0.000134 2870.4
2025-12-20 14:44:50 INFO     loss:    140 224 1.211747 3244.8
2025-12-20 14:44:57 INFO     loss:    150 224 1.501793 3203.2
2025-12-20 14:44:58 INFO     loss:    160 224 0.908424 3244.8
2025-12-20 14:45:02 INFO     loss:    170 224 2.093648 2329.6
2025-12-20 14:45:10 INFO     loss:    180 224 0.789170 2995.2
2025-12-20 14:45:16 INFO     loss:    190 224 1.730127 3068.0
2025-12-20 14:45:26 INFO     loss:    200 224 1.315078 2922.4
2025-12-20 14:45:33 INFO     loss:    210 224 0.872459 2984.8
2025-12-20 14:45:43 INFO     loss:    220 224 1.103598 3328.0
2025-12-20 14:45:46 INFO     >>>>> Predictor: Evaluating on valid
2025-12-20 14:46:35 INFO     Data : 4274
2025-12-20 14:46:35 INFO     Hit1 : 0.423491
2025-12-20 14:46:35 INFO     Hit3 : 0.699345
2025-12-20 14:46:35 INFO     Hit10: 0.918577
2025-12-20 14:46:35 INFO     MR   : 4.578147
2025-12-20 14:46:35 INFO     MRR  : 0.590013
2025-12-20 14:46:35 INFO     -------------------------
2025-12-20 14:46:35 INFO     | Iteration: 9/10
2025-12-20 14:46:35 INFO     -------------------------
2025-12-20 14:46:51 INFO     loss:    10 224 2.118934 3026.4
2025-12-20 14:47:01 INFO     loss:    20 224 1.522344 3213.6
2025-12-20 14:47:03 INFO     loss:    30 224 0.913186 2849.6
2025-12-20 14:47:15 INFO     loss:    40 224 0.851150 3307.2
2025-12-20 14:47:29 INFO     loss:    50 224 2.124957 2943.2
2025-12-20 14:47:39 INFO     loss:    60 224 1.342430 2776.8
2025-12-20 14:47:44 INFO     loss:    70 224 1.042421 2412.8
2025-12-20 14:47:54 INFO     loss:    80 224 1.644902 2943.2
2025-12-20 14:48:01 INFO     loss:    90 224 1.003620 3036.8
2025-12-20 14:48:10 INFO     loss:    100 224 0.000091 2683.2
2025-12-20 14:48:17 INFO     loss:    110 224 0.838382 2964.0
2025-12-20 14:48:33 INFO     loss:    120 224 1.423308 3328.0
2025-12-20 14:48:45 INFO     loss:    130 224 0.000070 2870.4
2025-12-20 14:48:51 INFO     loss:    140 224 1.211422 3244.8
2025-12-20 14:48:59 INFO     loss:    150 224 1.387383 3203.2
2025-12-20 14:49:00 INFO     loss:    160 224 0.888252 3244.8
2025-12-20 14:49:04 INFO     loss:    170 224 1.862530 2329.6
2025-12-20 14:49:11 INFO     loss:    180 224 0.825477 2995.2
2025-12-20 14:49:18 INFO     loss:    190 224 1.990588 3068.0
2025-12-20 14:49:28 INFO     loss:    200 224 1.193347 2922.4
2025-12-20 14:49:35 INFO     loss:    210 224 0.912460 2984.8
2025-12-20 14:49:45 INFO     loss:    220 224 1.032617 3328.0
2025-12-20 14:49:48 INFO     >>>>> Predictor: Evaluating on valid
2025-12-20 14:50:37 INFO     Data : 4274
2025-12-20 14:50:37 INFO     Hit1 : 0.421151
2025-12-20 14:50:37 INFO     Hit3 : 0.697239
2025-12-20 14:50:37 INFO     Hit10: 0.915536
2025-12-20 14:50:37 INFO     MR   : 4.731165
2025-12-20 14:50:37 INFO     MRR  : 0.586233
2025-12-20 14:50:37 INFO     -------------------------
2025-12-20 14:50:37 INFO     | Iteration: 10/10
2025-12-20 14:50:37 INFO     -------------------------
2025-12-20 14:50:52 INFO     loss:    10 224 1.956187 3026.4
2025-12-20 14:51:03 INFO     loss:    20 224 1.407537 3213.6
2025-12-20 14:51:04 INFO     loss:    30 224 0.772305 2849.6
2025-12-20 14:51:17 INFO     loss:    40 224 0.890125 3307.2
2025-12-20 14:51:30 INFO     loss:    50 224 2.301593 2943.2
2025-12-20 14:51:40 INFO     loss:    60 224 1.357762 2776.8
2025-12-20 14:51:45 INFO     loss:    70 224 1.191592 2412.8
2025-12-20 14:51:55 INFO     loss:    80 224 1.334749 2943.2
2025-12-20 14:52:02 INFO     loss:    90 224 1.240852 3036.8
2025-12-20 14:52:11 INFO     loss:    100 224 0.000060 2683.2
2025-12-20 14:52:18 INFO     loss:    110 224 0.888823 2964.0
2025-12-20 14:52:34 INFO     loss:    120 224 1.394465 3328.0
2025-12-20 14:52:46 INFO     loss:    130 224 0.000044 2870.4
2025-12-20 14:52:52 INFO     loss:    140 224 1.135638 3244.8
2025-12-20 14:53:00 INFO     loss:    150 224 1.327027 3203.2
2025-12-20 14:53:01 INFO     loss:    160 224 0.821835 3244.8
2025-12-20 14:53:05 INFO     loss:    170 224 1.813397 2329.6
2025-12-20 14:53:12 INFO     loss:    180 224 0.821170 2995.2
2025-12-20 14:53:19 INFO     loss:    190 224 1.607641 3068.0
2025-12-20 14:53:29 INFO     loss:    200 224 1.298665 2922.4
2025-12-20 14:53:36 INFO     loss:    210 224 0.852861 2984.8
2025-12-20 14:53:46 INFO     loss:    220 224 1.013937 3328.0
2025-12-20 14:53:49 INFO     >>>>> Predictor: Evaluating on valid
2025-12-20 14:54:37 INFO     Data : 4274
2025-12-20 14:54:37 INFO     Hit1 : 0.438465
2025-12-20 14:54:37 INFO     Hit3 : 0.703322
2025-12-20 14:54:37 INFO     Hit10: 0.918343
2025-12-20 14:54:37 INFO     MR   : 4.762284
2025-12-20 14:54:37 INFO     MRR  : 0.599438
2025-12-20 14:54:37 INFO     -------------------------
2025-12-20 14:54:37 INFO     | Final Test MRR: 0.000000
2025-12-20 14:54:37 INFO     -------------------------
2025-12-20 14:54:37 INFO     >>>>> Predictor: Evaluating on valid
2025-12-20 14:55:26 INFO     Data : 4274
2025-12-20 14:55:26 INFO     Hit1 : 0.546327
2025-12-20 14:55:26 INFO     Hit3 : 0.797380
2025-12-20 14:55:26 INFO     Hit10: 0.954843
2025-12-20 14:55:26 INFO     MR   : 3.164249
2025-12-20 14:55:26 INFO     MRR  : 0.689137
2025-12-20 14:55:26 INFO     >>>>> Predictor: Evaluating on test
2025-12-20 14:57:11 INFO     Data : 10686
2025-12-20 14:57:11 INFO     Hit1 : 0.513756
2025-12-20 14:57:11 INFO     Hit3 : 0.769605
2025-12-20 14:57:11 INFO     Hit10: 0.946753
2025-12-20 14:57:11 INFO     MR   : 3.409227
2025-12-20 14:57:11 INFO     MRR  : 0.662743
2025-12-20 14:57:11 INFO     >>>>> Predictor: Evaluating on test_kge
2025-12-20 14:58:17 INFO     Data : 10686
2025-12-20 14:58:17 INFO     Hit1 : 0.617724
2025-12-20 14:58:17 INFO     Hit3 : 0.831275
2025-12-20 14:58:17 INFO     Hit10: 0.956485
2025-12-20 14:58:17 INFO     MR   : 2.886768
2025-12-20 14:58:17 INFO     MRR  : 0.738985
2025-12-20 14:58:17 INFO     -------------------------
2025-12-20 14:58:17 INFO     | Best Valid MRR: 0.689137
2025-12-20 14:58:17 INFO     | Best Test MRR : 0.662743
2025-12-20 14:58:17 INFO     | Test+KGE MRR  : 0.738985
2025-12-20 14:58:17 INFO     -------------------------
