2025-12-20 13:31:51 INFO     Query-Conditioned Attention disabled
2025-12-20 13:31:51 INFO     read 18400 rules from list.
2025-12-20 13:31:51 INFO     Loaded support_counts from ../data/umls\support_counts.pt
2025-12-20 13:31:51 INFO     Uncertainty modeling initialized: num_rules=18400, num_samples=5, lambda_0=2.0
2025-12-20 13:31:51 INFO     Finishing pre-training!
2025-12-20 13:31:52 INFO     Test the results of pre-training
2025-12-20 13:31:52 INFO     Pre-computed rule_mu for grounding: mean=-2.119492, std=0.643764
2025-12-20 13:31:52 INFO     >>>>> RulE: Grounding-Training
2025-12-20 13:31:52 INFO     -------------------------
2025-12-20 13:31:52 INFO     | Iteration: 1/20
2025-12-20 13:31:52 INFO     -------------------------
2025-12-20 13:32:05 INFO     loss:    10 282 4.938448 1782.0
2025-12-20 13:32:09 INFO     loss:    20 282 4.952096 1917.0
2025-12-20 13:32:10 INFO     loss:    30 282 4.776692 2079.0
2025-12-20 13:32:13 INFO     loss:    40 282 4.752850 1701.0
2025-12-20 13:32:15 INFO     loss:    50 282 4.894060 1998.0
2025-12-20 13:32:18 INFO     loss:    60 282 4.837555 1984.5
2025-12-20 13:32:20 INFO     loss:    70 282 4.841619 2011.5
2025-12-20 13:32:23 INFO     loss:    80 282 4.575375 1944.0
2025-12-20 13:32:25 INFO     loss:    90 282 5.278473 1957.5
2025-12-20 13:32:28 INFO     loss:    100 282 4.932421 1795.5
2025-12-20 13:32:30 INFO     loss:    110 282 5.248646 1971.0
2025-12-20 13:32:31 INFO     loss:    120 282 4.602549 1903.5
2025-12-20 13:32:34 INFO     loss:    130 282 4.355461 1809.0
2025-12-20 13:32:36 INFO     loss:    140 282 4.394293 1957.5
2025-12-20 13:32:39 INFO     loss:    150 282 4.847877 1647.0
2025-12-20 13:32:41 INFO     loss:    160 282 4.922266 1539.0
2025-12-20 13:32:43 INFO     loss:    170 282 4.521247 2119.5
2025-12-20 13:32:46 INFO     loss:    180 282 4.219438 2011.5
2025-12-20 13:32:50 INFO     loss:    190 282 4.590278 1809.0
2025-12-20 13:32:53 INFO     loss:    200 282 4.603510 2079.0
2025-12-20 13:32:56 INFO     loss:    210 282 4.901501 1795.5
2025-12-20 13:32:58 INFO     loss:    220 282 4.156095 1728.0
2025-12-20 13:33:00 INFO     loss:    230 282 4.302010 1458.0
2025-12-20 13:33:03 INFO     loss:    240 282 4.447525 1944.0
2025-12-20 13:33:05 INFO     loss:    250 282 4.786996 1660.5
2025-12-20 13:33:08 INFO     loss:    260 282 4.023471 2079.0
2025-12-20 13:33:10 INFO     loss:    270 282 4.120625 2011.5
2025-12-20 13:33:12 INFO     loss:    280 282 4.528582 1768.5
2025-12-20 13:33:13 INFO     >>>>> Predictor: Evaluating on valid
2025-12-20 13:33:50 INFO     Data : 2612
2025-12-20 13:33:50 INFO     Hit1 : 0.387825
2025-12-20 13:33:50 INFO     Hit3 : 0.604900
2025-12-20 13:33:50 INFO     Hit10: 0.775651
2025-12-20 13:33:50 INFO     MR   : 9.855666
2025-12-20 13:33:50 INFO     MRR  : 0.527725
2025-12-20 13:33:50 INFO     Save checkpoint to umls\grounding.pt
2025-12-20 13:33:51 INFO     -------------------------
2025-12-20 13:33:51 INFO     | Iteration: 2/20
2025-12-20 13:33:51 INFO     -------------------------
2025-12-20 13:34:04 INFO     loss:    10 282 4.185426 1782.0
2025-12-20 13:34:08 INFO     loss:    20 282 4.245497 1917.0
2025-12-20 13:34:09 INFO     loss:    30 282 4.117057 2079.0
2025-12-20 13:34:12 INFO     loss:    40 282 4.366578 1701.0
2025-12-20 13:34:14 INFO     loss:    50 282 3.929768 1998.0
2025-12-20 13:34:16 INFO     loss:    60 282 4.514323 1984.5
2025-12-20 13:34:19 INFO     loss:    70 282 4.460726 2011.5
2025-12-20 13:34:22 INFO     loss:    80 282 4.028939 1944.0
2025-12-20 13:34:24 INFO     loss:    90 282 4.459153 1957.5
2025-12-20 13:34:26 INFO     loss:    100 282 4.654456 1795.5
2025-12-20 13:34:29 INFO     loss:    110 282 4.432471 1971.0
2025-12-20 13:34:30 INFO     loss:    120 282 3.888955 1903.5
2025-12-20 13:34:33 INFO     loss:    130 282 3.885760 1809.0
2025-12-20 13:34:35 INFO     loss:    140 282 3.823869 1957.5
2025-12-20 13:34:38 INFO     loss:    150 282 4.543244 1647.0
2025-12-20 13:34:39 INFO     loss:    160 282 4.569667 1539.0
2025-12-20 13:34:41 INFO     loss:    170 282 3.804946 2119.5
2025-12-20 13:34:44 INFO     loss:    180 282 3.675267 2011.5
2025-12-20 13:34:48 INFO     loss:    190 282 4.189446 1809.0
2025-12-20 13:34:51 INFO     loss:    200 282 4.016684 2079.0
2025-12-20 13:34:54 INFO     loss:    210 282 4.531357 1795.5
2025-12-20 13:34:55 INFO     loss:    220 282 3.462456 1728.0
2025-12-20 13:34:58 INFO     loss:    230 282 3.447176 1458.0
2025-12-20 13:35:00 INFO     loss:    240 282 3.923022 1944.0
2025-12-20 13:35:02 INFO     loss:    250 282 4.062041 1660.5
2025-12-20 13:35:05 INFO     loss:    260 282 3.477224 2079.0
2025-12-20 13:35:07 INFO     loss:    270 282 3.691658 2011.5
2025-12-20 13:35:09 INFO     loss:    280 282 4.122798 1768.5
2025-12-20 13:35:10 INFO     >>>>> Predictor: Evaluating on valid
2025-12-20 13:35:45 INFO     Data : 2612
2025-12-20 13:35:45 INFO     Hit1 : 0.555513
2025-12-20 13:35:45 INFO     Hit3 : 0.789816
2025-12-20 13:35:45 INFO     Hit10: 0.904671
2025-12-20 13:35:45 INFO     MR   : 5.770674
2025-12-20 13:35:45 INFO     MRR  : 0.688950
2025-12-20 13:35:45 INFO     Save checkpoint to umls\grounding.pt
2025-12-20 13:35:46 INFO     -------------------------
2025-12-20 13:35:46 INFO     | Iteration: 3/20
2025-12-20 13:35:46 INFO     -------------------------
2025-12-20 13:35:59 INFO     loss:    10 282 3.679583 1782.0
2025-12-20 13:36:02 INFO     loss:    20 282 3.824805 1917.0
2025-12-20 13:36:04 INFO     loss:    30 282 3.437958 2079.0
2025-12-20 13:36:07 INFO     loss:    40 282 4.026770 1701.0
2025-12-20 13:36:09 INFO     loss:    50 282 3.477787 1998.0
2025-12-20 13:36:11 INFO     loss:    60 282 4.057737 1984.5
2025-12-20 13:36:14 INFO     loss:    70 282 4.075243 2011.5
2025-12-20 13:36:17 INFO     loss:    80 282 3.743852 1944.0
2025-12-20 13:36:19 INFO     loss:    90 282 3.758561 1957.5
2025-12-20 13:36:21 INFO     loss:    100 282 4.295246 1795.5
2025-12-20 13:36:23 INFO     loss:    110 282 3.737167 1971.0
2025-12-20 13:36:25 INFO     loss:    120 282 3.414947 1903.5
2025-12-20 13:36:28 INFO     loss:    130 282 3.620520 1809.0
2025-12-20 13:36:30 INFO     loss:    140 282 3.417616 1957.5
2025-12-20 13:36:33 INFO     loss:    150 282 4.253940 1647.0
2025-12-20 13:36:34 INFO     loss:    160 282 4.174974 1539.0
2025-12-20 13:36:36 INFO     loss:    170 282 3.560865 2119.5
2025-12-20 13:36:39 INFO     loss:    180 282 3.304054 2011.5
2025-12-20 13:36:43 INFO     loss:    190 282 3.864946 1809.0
2025-12-20 13:36:46 INFO     loss:    200 282 3.523682 2079.0
2025-12-20 13:36:49 INFO     loss:    210 282 4.141960 1795.5
2025-12-20 13:36:51 INFO     loss:    220 282 2.991066 1728.0
2025-12-20 13:36:53 INFO     loss:    230 282 3.012049 1458.0
2025-12-20 13:36:55 INFO     loss:    240 282 3.640892 1944.0
2025-12-20 13:36:58 INFO     loss:    250 282 3.546460 1660.5
2025-12-20 13:37:01 INFO     loss:    260 282 3.190515 2079.0
2025-12-20 13:37:03 INFO     loss:    270 282 3.501255 2011.5
2025-12-20 13:37:05 INFO     loss:    280 282 3.695280 1768.5
2025-12-20 13:37:06 INFO     >>>>> Predictor: Evaluating on valid
2025-12-20 13:37:43 INFO     Data : 2612
2025-12-20 13:37:43 INFO     Hit1 : 0.635911
2025-12-20 13:37:43 INFO     Hit3 : 0.849541
2025-12-20 13:37:43 INFO     Hit10: 0.929173
2025-12-20 13:37:43 INFO     MR   : 4.926110
2025-12-20 13:37:43 INFO     MRR  : 0.752640
2025-12-20 13:37:43 INFO     Save checkpoint to umls\grounding.pt
2025-12-20 13:37:44 INFO     -------------------------
2025-12-20 13:37:44 INFO     | Iteration: 4/20
2025-12-20 13:37:44 INFO     -------------------------
2025-12-20 13:37:57 INFO     loss:    10 282 3.395698 1782.0
2025-12-20 13:38:00 INFO     loss:    20 282 3.592245 1917.0
2025-12-20 13:38:02 INFO     loss:    30 282 3.036612 2079.0
2025-12-20 13:38:04 INFO     loss:    40 282 3.779604 1701.0
2025-12-20 13:38:06 INFO     loss:    50 282 3.246987 1998.0
2025-12-20 13:38:09 INFO     loss:    60 282 3.513590 1984.5
2025-12-20 13:38:11 INFO     loss:    70 282 3.752470 2011.5
2025-12-20 13:38:14 INFO     loss:    80 282 3.579609 1944.0
2025-12-20 13:38:16 INFO     loss:    90 282 3.337592 1957.5
2025-12-20 13:38:19 INFO     loss:    100 282 3.855042 1795.5
2025-12-20 13:38:21 INFO     loss:    110 282 3.302164 1971.0
2025-12-20 13:38:23 INFO     loss:    120 282 3.131553 1903.5
2025-12-20 13:38:25 INFO     loss:    130 282 3.462898 1809.0
2025-12-20 13:38:28 INFO     loss:    140 282 3.173187 1957.5
2025-12-20 13:38:30 INFO     loss:    150 282 4.007309 1647.0
2025-12-20 13:38:32 INFO     loss:    160 282 3.781275 1539.0
2025-12-20 13:38:34 INFO     loss:    170 282 3.438469 2119.5
2025-12-20 13:38:37 INFO     loss:    180 282 3.069018 2011.5
2025-12-20 13:38:41 INFO     loss:    190 282 3.642914 1809.0
2025-12-20 13:38:44 INFO     loss:    200 282 3.168917 2079.0
2025-12-20 13:38:47 INFO     loss:    210 282 3.724610 1795.5
2025-12-20 13:38:48 INFO     loss:    220 282 2.719484 1728.0
2025-12-20 13:38:51 INFO     loss:    230 282 2.796449 1458.0
2025-12-20 13:38:53 INFO     loss:    240 282 3.478428 1944.0
2025-12-20 13:38:55 INFO     loss:    250 282 3.264272 1660.5
2025-12-20 13:38:58 INFO     loss:    260 282 3.020232 2079.0
2025-12-20 13:39:00 INFO     loss:    270 282 3.387486 2011.5
2025-12-20 13:39:02 INFO     loss:    280 282 3.265456 1768.5
2025-12-20 13:39:03 INFO     >>>>> Predictor: Evaluating on valid
2025-12-20 13:39:38 INFO     Data : 2612
2025-12-20 13:39:38 INFO     Hit1 : 0.671899
2025-12-20 13:39:38 INFO     Hit3 : 0.869066
2025-12-20 13:39:38 INFO     Hit10: 0.937979
2025-12-20 13:39:38 INFO     MR   : 4.595329
2025-12-20 13:39:38 INFO     MRR  : 0.779090
2025-12-20 13:39:38 INFO     Save checkpoint to umls\grounding.pt
2025-12-20 13:39:39 INFO     -------------------------
2025-12-20 13:39:39 INFO     | Iteration: 5/20
2025-12-20 13:39:39 INFO     -------------------------
2025-12-20 13:39:52 INFO     loss:    10 282 3.247867 1782.0
2025-12-20 13:39:55 INFO     loss:    20 282 3.450980 1917.0
2025-12-20 13:39:57 INFO     loss:    30 282 2.837889 2079.0
2025-12-20 13:39:59 INFO     loss:    40 282 3.622158 1701.0
2025-12-20 13:40:01 INFO     loss:    50 282 3.101298 1998.0
2025-12-20 13:40:04 INFO     loss:    60 282 2.940043 1984.5
2025-12-20 13:40:06 INFO     loss:    70 282 3.522121 2011.5
2025-12-20 13:40:09 INFO     loss:    80 282 3.475925 1944.0
2025-12-20 13:40:11 INFO     loss:    90 282 3.129912 1957.5
2025-12-20 13:40:14 INFO     loss:    100 282 3.367949 1795.5
2025-12-20 13:40:16 INFO     loss:    110 282 3.077520 1971.0
2025-12-20 13:40:17 INFO     loss:    120 282 2.963052 1903.5
2025-12-20 13:40:20 INFO     loss:    130 282 3.367215 1809.0
2025-12-20 13:40:22 INFO     loss:    140 282 3.025005 1957.5
2025-12-20 13:40:25 INFO     loss:    150 282 3.805663 1647.0
2025-12-20 13:40:26 INFO     loss:    160 282 3.459117 1539.0
2025-12-20 13:40:29 INFO     loss:    170 282 3.351710 2119.5
2025-12-20 13:40:31 INFO     loss:    180 282 2.916276 2011.5
2025-12-20 13:40:36 INFO     loss:    190 282 3.502113 1809.0
2025-12-20 13:40:38 INFO     loss:    200 282 2.945825 2079.0
2025-12-20 13:40:41 INFO     loss:    210 282 3.309169 1795.5
2025-12-20 13:40:43 INFO     loss:    220 282 2.565295 1728.0
2025-12-20 13:40:45 INFO     loss:    230 282 2.661871 1458.0
2025-12-20 13:40:48 INFO     loss:    240 282 3.369233 1944.0
2025-12-20 13:40:50 INFO     loss:    250 282 3.105287 1660.5
2025-12-20 13:40:53 INFO     loss:    260 282 2.912510 2079.0
2025-12-20 13:40:55 INFO     loss:    270 282 3.303276 2011.5
2025-12-20 13:40:57 INFO     loss:    280 282 2.851534 1768.5
2025-12-20 13:40:58 INFO     >>>>> Predictor: Evaluating on valid
2025-12-20 13:41:34 INFO     Data : 2612
2025-12-20 13:41:34 INFO     Hit1 : 0.693338
2025-12-20 13:41:34 INFO     Hit3 : 0.878254
2025-12-20 13:41:34 INFO     Hit10: 0.944870
2025-12-20 13:41:34 INFO     MR   : 4.413859
2025-12-20 13:41:34 INFO     MRR  : 0.794492
2025-12-20 13:41:34 INFO     Save checkpoint to umls\grounding.pt
2025-12-20 13:41:34 INFO     -------------------------
2025-12-20 13:41:34 INFO     | Iteration: 6/20
2025-12-20 13:41:34 INFO     -------------------------
2025-12-20 13:41:48 INFO     loss:    10 282 3.163467 1782.0
2025-12-20 13:41:51 INFO     loss:    20 282 3.352413 1917.0
2025-12-20 13:41:53 INFO     loss:    30 282 2.725848 2079.0
2025-12-20 13:41:55 INFO     loss:    40 282 3.524234 1701.0
2025-12-20 13:41:57 INFO     loss:    50 282 2.996452 1998.0
2025-12-20 13:42:00 INFO     loss:    60 282 2.402391 1984.5
2025-12-20 13:42:03 INFO     loss:    70 282 3.379976 2011.5
2025-12-20 13:42:06 INFO     loss:    80 282 3.409850 1944.0
2025-12-20 13:42:08 INFO     loss:    90 282 3.016508 1957.5
2025-12-20 13:42:11 INFO     loss:    100 282 2.885843 1795.5
2025-12-20 13:42:13 INFO     loss:    110 282 2.944399 1971.0
2025-12-20 13:42:15 INFO     loss:    120 282 2.857856 1903.5
2025-12-20 13:42:17 INFO     loss:    130 282 3.313978 1809.0
2025-12-20 13:42:19 INFO     loss:    140 282 2.929196 1957.5
2025-12-20 13:42:22 INFO     loss:    150 282 3.633440 1647.0
2025-12-20 13:42:24 INFO     loss:    160 282 3.220981 1539.0
2025-12-20 13:42:26 INFO     loss:    170 282 3.284216 2119.5
2025-12-20 13:42:29 INFO     loss:    180 282 2.809488 2011.5
2025-12-20 13:42:33 INFO     loss:    190 282 3.411066 1809.0
2025-12-20 13:42:36 INFO     loss:    200 282 2.799407 2079.0
2025-12-20 13:42:39 INFO     loss:    210 282 2.936858 1795.5
2025-12-20 13:42:40 INFO     loss:    220 282 2.474627 1728.0
2025-12-20 13:42:43 INFO     loss:    230 282 2.556728 1458.0
2025-12-20 13:42:45 INFO     loss:    240 282 3.288411 1944.0
2025-12-20 13:42:48 INFO     loss:    250 282 3.004118 1660.5
2025-12-20 13:42:50 INFO     loss:    260 282 2.841383 2079.0
2025-12-20 13:42:52 INFO     loss:    270 282 3.235589 2011.5
2025-12-20 13:42:55 INFO     loss:    280 282 2.462171 1768.5
2025-12-20 13:42:56 INFO     >>>>> Predictor: Evaluating on valid
2025-12-20 13:43:31 INFO     Data : 2612
2025-12-20 13:43:31 INFO     Hit1 : 0.703675
2025-12-20 13:43:31 INFO     Hit3 : 0.882083
2025-12-20 13:43:31 INFO     Hit10: 0.947167
2025-12-20 13:43:31 INFO     MR   : 4.318530
2025-12-20 13:43:31 INFO     MRR  : 0.801771
2025-12-20 13:43:31 INFO     Save checkpoint to umls\grounding.pt
2025-12-20 13:43:32 INFO     -------------------------
2025-12-20 13:43:32 INFO     | Iteration: 7/20
2025-12-20 13:43:32 INFO     -------------------------
2025-12-20 13:43:45 INFO     loss:    10 282 3.101909 1782.0
2025-12-20 13:43:48 INFO     loss:    20 282 3.279813 1917.0
2025-12-20 13:43:49 INFO     loss:    30 282 2.648900 2079.0
2025-12-20 13:43:52 INFO     loss:    40 282 3.458364 1701.0
2025-12-20 13:43:54 INFO     loss:    50 282 2.917886 1998.0
2025-12-20 13:43:56 INFO     loss:    60 282 1.945949 1984.5
2025-12-20 13:43:59 INFO     loss:    70 282 3.293794 2011.5
2025-12-20 13:44:02 INFO     loss:    80 282 3.365694 1944.0
2025-12-20 13:44:04 INFO     loss:    90 282 2.941719 1957.5
2025-12-20 13:44:07 INFO     loss:    100 282 2.443476 1795.5
2025-12-20 13:44:09 INFO     loss:    110 282 2.846018 1971.0
2025-12-20 13:44:10 INFO     loss:    120 282 2.785036 1903.5
2025-12-20 13:44:13 INFO     loss:    130 282 3.285105 1809.0
2025-12-20 13:44:15 INFO     loss:    140 282 2.863972 1957.5
2025-12-20 13:44:17 INFO     loss:    150 282 3.484816 1647.0
2025-12-20 13:44:19 INFO     loss:    160 282 3.035938 1539.0
2025-12-20 13:44:21 INFO     loss:    170 282 3.230898 2119.5
2025-12-20 13:44:24 INFO     loss:    180 282 2.727488 2011.5
2025-12-20 13:44:28 INFO     loss:    190 282 3.345150 1809.0
2025-12-20 13:44:30 INFO     loss:    200 282 2.690995 2079.0
2025-12-20 13:44:33 INFO     loss:    210 282 2.627565 1795.5
2025-12-20 13:44:35 INFO     loss:    220 282 2.413453 1728.0
2025-12-20 13:44:38 INFO     loss:    230 282 2.465551 1458.0
2025-12-20 13:44:40 INFO     loss:    240 282 3.228767 1944.0
2025-12-20 13:44:42 INFO     loss:    250 282 2.932470 1660.5
2025-12-20 13:44:45 INFO     loss:    260 282 2.792248 2079.0
2025-12-20 13:44:46 INFO     loss:    270 282 3.178875 2011.5
2025-12-20 13:44:49 INFO     loss:    280 282 2.103193 1768.5
2025-12-20 13:44:50 INFO     >>>>> Predictor: Evaluating on valid
2025-12-20 13:45:25 INFO     Data : 2612
2025-12-20 13:45:25 INFO     Hit1 : 0.714778
2025-12-20 13:45:25 INFO     Hit3 : 0.885528
2025-12-20 13:45:25 INFO     Hit10: 0.949081
2025-12-20 13:45:25 INFO     MR   : 4.232389
2025-12-20 13:45:25 INFO     MRR  : 0.808674
2025-12-20 13:45:25 INFO     Save checkpoint to umls\grounding.pt
2025-12-20 13:45:26 INFO     -------------------------
2025-12-20 13:45:26 INFO     | Iteration: 8/20
2025-12-20 13:45:26 INFO     -------------------------
2025-12-20 13:45:39 INFO     loss:    10 282 3.046648 1782.0
2025-12-20 13:45:42 INFO     loss:    20 282 3.226714 1917.0
2025-12-20 13:45:44 INFO     loss:    30 282 2.585020 2079.0
2025-12-20 13:45:47 INFO     loss:    40 282 3.407772 1701.0
2025-12-20 13:45:49 INFO     loss:    50 282 2.855625 1998.0
2025-12-20 13:45:51 INFO     loss:    60 282 1.585185 1984.5
2025-12-20 13:45:54 INFO     loss:    70 282 3.226602 2011.5
2025-12-20 13:45:57 INFO     loss:    80 282 3.332080 1944.0
2025-12-20 13:45:59 INFO     loss:    90 282 2.883105 1957.5
2025-12-20 13:46:02 INFO     loss:    100 282 2.052447 1795.5
2025-12-20 13:46:04 INFO     loss:    110 282 2.760535 1971.0
2025-12-20 13:46:06 INFO     loss:    120 282 2.727011 1903.5
2025-12-20 13:46:08 INFO     loss:    130 282 3.267045 1809.0
2025-12-20 13:46:10 INFO     loss:    140 282 2.815568 1957.5
2025-12-20 13:46:13 INFO     loss:    150 282 3.353769 1647.0
2025-12-20 13:46:15 INFO     loss:    160 282 2.879750 1539.0
2025-12-20 13:46:17 INFO     loss:    170 282 3.187908 2119.5
2025-12-20 13:46:20 INFO     loss:    180 282 2.656699 2011.5
2025-12-20 13:46:24 INFO     loss:    190 282 3.290277 1809.0
2025-12-20 13:46:27 INFO     loss:    200 282 2.601464 2079.0
2025-12-20 13:46:30 INFO     loss:    210 282 2.373555 1795.5
2025-12-20 13:46:31 INFO     loss:    220 282 2.365936 1728.0
2025-12-20 13:46:34 INFO     loss:    230 282 2.380185 1458.0
2025-12-20 13:46:36 INFO     loss:    240 282 3.184349 1944.0
2025-12-20 13:46:39 INFO     loss:    250 282 2.876028 1660.5
2025-12-20 13:46:41 INFO     loss:    260 282 2.755086 2079.0
2025-12-20 13:46:43 INFO     loss:    270 282 3.129204 2011.5
2025-12-20 13:46:45 INFO     loss:    280 282 1.779981 1768.5
2025-12-20 13:46:46 INFO     >>>>> Predictor: Evaluating on valid
2025-12-20 13:47:22 INFO     Data : 2612
2025-12-20 13:47:22 INFO     Hit1 : 0.723583
2025-12-20 13:47:22 INFO     Hit3 : 0.885911
2025-12-20 13:47:22 INFO     Hit10: 0.948315
2025-12-20 13:47:22 INFO     MR   : 4.181853
2025-12-20 13:47:22 INFO     MRR  : 0.813866
2025-12-20 13:47:22 INFO     Save checkpoint to umls\grounding.pt
2025-12-20 13:47:23 INFO     -------------------------
2025-12-20 13:47:23 INFO     | Iteration: 9/20
2025-12-20 13:47:23 INFO     -------------------------
2025-12-20 13:47:36 INFO     loss:    10 282 2.993016 1782.0
2025-12-20 13:47:39 INFO     loss:    20 282 3.187095 1917.0
2025-12-20 13:47:41 INFO     loss:    30 282 2.523444 2079.0
2025-12-20 13:47:43 INFO     loss:    40 282 3.365129 1701.0
2025-12-20 13:47:45 INFO     loss:    50 282 2.803405 1998.0
2025-12-20 13:47:48 INFO     loss:    60 282 1.307656 1984.5
2025-12-20 13:47:50 INFO     loss:    70 282 3.159823 2011.5
2025-12-20 13:47:53 INFO     loss:    80 282 3.302779 1944.0
2025-12-20 13:47:55 INFO     loss:    90 282 2.830647 1957.5
2025-12-20 13:47:58 INFO     loss:    100 282 1.712326 1795.5
2025-12-20 13:48:00 INFO     loss:    110 282 2.679653 1971.0
2025-12-20 13:48:02 INFO     loss:    120 282 2.676524 1903.5
2025-12-20 13:48:04 INFO     loss:    130 282 3.252613 1809.0
2025-12-20 13:48:06 INFO     loss:    140 282 2.777081 1957.5
2025-12-20 13:48:09 INFO     loss:    150 282 3.239161 1647.0
2025-12-20 13:48:11 INFO     loss:    160 282 2.742101 1539.0
2025-12-20 13:48:13 INFO     loss:    170 282 3.150299 2119.5
2025-12-20 13:48:16 INFO     loss:    180 282 2.589633 2011.5
2025-12-20 13:48:20 INFO     loss:    190 282 3.240376 1809.0
2025-12-20 13:48:23 INFO     loss:    200 282 2.519810 2079.0
2025-12-20 13:48:26 INFO     loss:    210 282 2.160340 1795.5
2025-12-20 13:48:27 INFO     loss:    220 282 2.324881 1728.0
2025-12-20 13:48:30 INFO     loss:    230 282 2.294417 1458.0
2025-12-20 13:48:32 INFO     loss:    240 282 3.149480 1944.0
2025-12-20 13:48:35 INFO     loss:    250 282 2.826222 1660.5
2025-12-20 13:48:37 INFO     loss:    260 282 2.723318 2079.0
2025-12-20 13:48:39 INFO     loss:    270 282 3.083767 2011.5
2025-12-20 13:48:42 INFO     loss:    280 282 1.494739 1768.5
2025-12-20 13:48:42 INFO     >>>>> Predictor: Evaluating on valid
2025-12-20 13:49:19 INFO     Data : 2612
2025-12-20 13:49:19 INFO     Hit1 : 0.730858
2025-12-20 13:49:19 INFO     Hit3 : 0.888208
2025-12-20 13:49:19 INFO     Hit10: 0.950230
2025-12-20 13:49:19 INFO     MR   : 4.141654
2025-12-20 13:49:19 INFO     MRR  : 0.818266
2025-12-20 13:49:19 INFO     Save checkpoint to umls\grounding.pt
2025-12-20 13:49:20 INFO     -------------------------
2025-12-20 13:49:20 INFO     | Iteration: 10/20
2025-12-20 13:49:20 INFO     -------------------------
2025-12-20 13:49:33 INFO     loss:    10 282 2.938998 1782.0
2025-12-20 13:49:36 INFO     loss:    20 282 3.155197 1917.0
2025-12-20 13:49:38 INFO     loss:    30 282 2.459360 2079.0
2025-12-20 13:49:41 INFO     loss:    40 282 3.326915 1701.0
2025-12-20 13:49:43 INFO     loss:    50 282 2.755267 1998.0
2025-12-20 13:49:46 INFO     loss:    60 282 1.092341 1984.5
2025-12-20 13:49:48 INFO     loss:    70 282 3.088993 2011.5
2025-12-20 13:49:51 INFO     loss:    80 282 3.275689 1944.0
2025-12-20 13:49:53 INFO     loss:    90 282 2.780245 1957.5
2025-12-20 13:49:56 INFO     loss:    100 282 1.422096 1795.5
2025-12-20 13:49:58 INFO     loss:    110 282 2.598629 1971.0
2025-12-20 13:50:00 INFO     loss:    120 282 2.629215 1903.5
2025-12-20 13:50:03 INFO     loss:    130 282 3.238532 1809.0
2025-12-20 13:50:05 INFO     loss:    140 282 2.742839 1957.5
2025-12-20 13:50:08 INFO     loss:    150 282 3.138141 1647.0
2025-12-20 13:50:09 INFO     loss:    160 282 2.618523 1539.0
2025-12-20 13:50:11 INFO     loss:    170 282 3.114751 2119.5
2025-12-20 13:50:14 INFO     loss:    180 282 2.522246 2011.5
2025-12-20 13:50:19 INFO     loss:    190 282 3.192828 1809.0
2025-12-20 13:50:21 INFO     loss:    200 282 2.440192 2079.0
2025-12-20 13:50:24 INFO     loss:    210 282 1.975884 1795.5
2025-12-20 13:50:26 INFO     loss:    220 282 2.287407 1728.0
2025-12-20 13:50:29 INFO     loss:    230 282 2.206490 1458.0
2025-12-20 13:50:31 INFO     loss:    240 282 3.120674 1944.0
2025-12-20 13:50:33 INFO     loss:    250 282 2.778578 1660.5
2025-12-20 13:50:36 INFO     loss:    260 282 2.693911 2079.0
2025-12-20 13:50:38 INFO     loss:    270 282 3.040353 2011.5
2025-12-20 13:50:40 INFO     loss:    280 282 1.249295 1768.5
2025-12-20 13:50:41 INFO     >>>>> Predictor: Evaluating on valid
2025-12-20 13:51:18 INFO     Data : 2612
2025-12-20 13:51:18 INFO     Hit1 : 0.728178
2025-12-20 13:51:18 INFO     Hit3 : 0.887825
2025-12-20 13:51:18 INFO     Hit10: 0.950613
2025-12-20 13:51:18 INFO     MR   : 4.118683
2025-12-20 13:51:18 INFO     MRR  : 0.817035
2025-12-20 13:51:18 INFO     -------------------------
2025-12-20 13:51:18 INFO     | Iteration: 11/20
2025-12-20 13:51:18 INFO     -------------------------
2025-12-20 13:51:31 INFO     loss:    10 282 2.883009 1782.0
2025-12-20 13:51:34 INFO     loss:    20 282 3.127066 1917.0
2025-12-20 13:51:36 INFO     loss:    30 282 2.390790 2079.0
2025-12-20 13:51:39 INFO     loss:    40 282 3.291427 1701.0
2025-12-20 13:51:41 INFO     loss:    50 282 2.707706 1998.0
2025-12-20 13:51:43 INFO     loss:    60 282 0.924973 1984.5
2025-12-20 13:51:46 INFO     loss:    70 282 3.014837 2011.5
2025-12-20 13:51:49 INFO     loss:    80 282 3.250372 1944.0
2025-12-20 13:51:51 INFO     loss:    90 282 2.730357 1957.5
2025-12-20 13:51:54 INFO     loss:    100 282 1.181012 1795.5
2025-12-20 13:51:56 INFO     loss:    110 282 2.513979 1971.0
2025-12-20 13:51:58 INFO     loss:    120 282 2.583046 1903.5
2025-12-20 13:52:00 INFO     loss:    130 282 3.224176 1809.0
2025-12-20 13:52:03 INFO     loss:    140 282 2.709873 1957.5
2025-12-20 13:52:05 INFO     loss:    150 282 3.049886 1647.0
2025-12-20 13:52:07 INFO     loss:    160 282 2.505564 1539.0
2025-12-20 13:52:09 INFO     loss:    170 282 3.078635 2119.5
2025-12-20 13:52:12 INFO     loss:    180 282 2.452351 2011.5
2025-12-20 13:52:16 INFO     loss:    190 282 3.146552 1809.0
2025-12-20 13:52:19 INFO     loss:    200 282 2.359336 2079.0
2025-12-20 13:52:22 INFO     loss:    210 282 1.811988 1795.5
2025-12-20 13:52:24 INFO     loss:    220 282 2.251958 1728.0
2025-12-20 13:52:26 INFO     loss:    230 282 2.117253 1458.0
2025-12-20 13:52:29 INFO     loss:    240 282 3.094300 1944.0
2025-12-20 13:52:31 INFO     loss:    250 282 2.730908 1660.5
2025-12-20 13:52:34 INFO     loss:    260 282 2.667144 2079.0
2025-12-20 13:52:36 INFO     loss:    270 282 2.996082 2011.5
2025-12-20 13:52:38 INFO     loss:    280 282 1.047808 1768.5
2025-12-20 13:52:39 INFO     >>>>> Predictor: Evaluating on valid
2025-12-20 13:53:15 INFO     Data : 2612
2025-12-20 13:53:15 INFO     Hit1 : 0.731623
2025-12-20 13:53:15 INFO     Hit3 : 0.888591
2025-12-20 13:53:15 INFO     Hit10: 0.952144
2025-12-20 13:53:15 INFO     MR   : 4.161179
2025-12-20 13:53:15 INFO     MRR  : 0.818627
2025-12-20 13:53:15 INFO     Save checkpoint to umls\grounding.pt
2025-12-20 13:53:16 INFO     -------------------------
2025-12-20 13:53:16 INFO     | Iteration: 12/20
2025-12-20 13:53:16 INFO     -------------------------
2025-12-20 13:53:29 INFO     loss:    10 282 2.826231 1782.0
2025-12-20 13:53:32 INFO     loss:    20 282 3.100629 1917.0
2025-12-20 13:53:34 INFO     loss:    30 282 2.318816 2079.0
2025-12-20 13:53:36 INFO     loss:    40 282 3.257221 1701.0
2025-12-20 13:53:38 INFO     loss:    50 282 2.658325 1998.0
2025-12-20 13:53:41 INFO     loss:    60 282 0.796958 1984.5
2025-12-20 13:53:44 INFO     loss:    70 282 2.940050 2011.5
2025-12-20 13:53:47 INFO     loss:    80 282 3.226361 1944.0
2025-12-20 13:53:49 INFO     loss:    90 282 2.679580 1957.5
2025-12-20 13:53:52 INFO     loss:    100 282 0.983862 1795.5
2025-12-20 13:53:54 INFO     loss:    110 282 2.423759 1971.0
2025-12-20 13:53:55 INFO     loss:    120 282 2.537232 1903.5
2025-12-20 13:53:58 INFO     loss:    130 282 3.209838 1809.0
2025-12-20 13:54:00 INFO     loss:    140 282 2.677303 1957.5
2025-12-20 13:54:03 INFO     loss:    150 282 2.972106 1647.0
2025-12-20 13:54:05 INFO     loss:    160 282 2.399915 1539.0
2025-12-20 13:54:07 INFO     loss:    170 282 3.041130 2119.5
2025-12-20 13:54:10 INFO     loss:    180 282 2.378714 2011.5
2025-12-20 13:54:14 INFO     loss:    190 282 3.101130 1809.0
2025-12-20 13:54:17 INFO     loss:    200 282 2.274874 2079.0
2025-12-20 13:54:20 INFO     loss:    210 282 1.666289 1795.5
2025-12-20 13:54:22 INFO     loss:    220 282 2.217613 1728.0
2025-12-20 13:54:24 INFO     loss:    230 282 2.026628 1458.0
2025-12-20 13:54:26 INFO     loss:    240 282 3.068821 1944.0
2025-12-20 13:54:29 INFO     loss:    250 282 2.683838 1660.5
2025-12-20 13:54:32 INFO     loss:    260 282 2.642025 2079.0
2025-12-20 13:54:33 INFO     loss:    270 282 2.949610 2011.5
2025-12-20 13:54:36 INFO     loss:    280 282 0.888593 1768.5
2025-12-20 13:54:37 INFO     >>>>> Predictor: Evaluating on valid
2025-12-20 13:55:12 INFO     Data : 2612
2025-12-20 13:55:12 INFO     Hit1 : 0.730858
2025-12-20 13:55:12 INFO     Hit3 : 0.888974
2025-12-20 13:55:12 INFO     Hit10: 0.950230
2025-12-20 13:55:12 INFO     MR   : 4.159648
2025-12-20 13:55:12 INFO     MRR  : 0.817658
2025-12-20 13:55:12 INFO     -------------------------
2025-12-20 13:55:12 INFO     | Iteration: 13/20
2025-12-20 13:55:12 INFO     -------------------------
2025-12-20 13:55:25 INFO     loss:    10 282 2.771462 1782.0
2025-12-20 13:55:28 INFO     loss:    20 282 3.074903 1917.0
2025-12-20 13:55:30 INFO     loss:    30 282 2.241461 2079.0
2025-12-20 13:55:33 INFO     loss:    40 282 3.223422 1701.0
2025-12-20 13:55:34 INFO     loss:    50 282 2.604817 1998.0
2025-12-20 13:55:37 INFO     loss:    60 282 0.702389 1984.5
2025-12-20 13:55:40 INFO     loss:    70 282 2.868193 2011.5
2025-12-20 13:55:43 INFO     loss:    80 282 3.204017 1944.0
2025-12-20 13:55:45 INFO     loss:    90 282 2.628340 1957.5
2025-12-20 13:55:47 INFO     loss:    100 282 0.822907 1795.5
2025-12-20 13:55:49 INFO     loss:    110 282 2.326437 1971.0
2025-12-20 13:55:51 INFO     loss:    120 282 2.491237 1903.5
2025-12-20 13:55:54 INFO     loss:    130 282 3.195394 1809.0
2025-12-20 13:55:56 INFO     loss:    140 282 2.643975 1957.5
2025-12-20 13:55:59 INFO     loss:    150 282 2.907554 1647.0
2025-12-20 13:56:00 INFO     loss:    160 282 2.299069 1539.0
2025-12-20 13:56:02 INFO     loss:    170 282 3.002613 2119.5
2025-12-20 13:56:05 INFO     loss:    180 282 2.301600 2011.5
2025-12-20 13:56:09 INFO     loss:    190 282 3.055811 1809.0
2025-12-20 13:56:12 INFO     loss:    200 282 2.187301 2079.0
2025-12-20 13:56:15 INFO     loss:    210 282 1.541418 1795.5
2025-12-20 13:56:16 INFO     loss:    220 282 2.184381 1728.0
2025-12-20 13:56:19 INFO     loss:    230 282 1.935125 1458.0
2025-12-20 13:56:21 INFO     loss:    240 282 3.043595 1944.0
2025-12-20 13:56:24 INFO     loss:    250 282 2.638736 1660.5
2025-12-20 13:56:26 INFO     loss:    260 282 2.616371 2079.0
2025-12-20 13:56:28 INFO     loss:    270 282 2.901569 2011.5
2025-12-20 13:56:30 INFO     loss:    280 282 0.769568 1768.5
2025-12-20 13:56:31 INFO     >>>>> Predictor: Evaluating on valid
2025-12-20 13:57:06 INFO     Data : 2612
2025-12-20 13:57:06 INFO     Hit1 : 0.727412
2025-12-20 13:57:06 INFO     Hit3 : 0.888974
2025-12-20 13:57:06 INFO     Hit10: 0.949464
2025-12-20 13:57:06 INFO     MR   : 4.196784
2025-12-20 13:57:06 INFO     MRR  : 0.815333
2025-12-20 13:57:06 INFO     -------------------------
2025-12-20 13:57:06 INFO     | Iteration: 14/20
2025-12-20 13:57:06 INFO     -------------------------
2025-12-20 13:57:19 INFO     loss:    10 282 2.718337 1782.0
2025-12-20 13:57:22 INFO     loss:    20 282 3.049514 1917.0
2025-12-20 13:57:23 INFO     loss:    30 282 2.151846 2079.0
2025-12-20 13:57:26 INFO     loss:    40 282 3.189581 1701.0
2025-12-20 13:57:28 INFO     loss:    50 282 2.546920 1998.0
2025-12-20 13:57:31 INFO     loss:    60 282 0.635040 1984.5
2025-12-20 13:57:33 INFO     loss:    70 282 2.800892 2011.5
2025-12-20 13:57:36 INFO     loss:    80 282 3.182464 1944.0
2025-12-20 13:57:38 INFO     loss:    90 282 2.577763 1957.5
2025-12-20 13:57:40 INFO     loss:    100 282 0.691450 1795.5
2025-12-20 13:57:43 INFO     loss:    110 282 2.222116 1971.0
2025-12-20 13:57:44 INFO     loss:    120 282 2.444292 1903.5
2025-12-20 13:57:47 INFO     loss:    130 282 3.180399 1809.0
2025-12-20 13:57:49 INFO     loss:    140 282 2.608118 1957.5
2025-12-20 13:57:51 INFO     loss:    150 282 2.854212 1647.0
2025-12-20 13:57:53 INFO     loss:    160 282 2.201414 1539.0
2025-12-20 13:57:55 INFO     loss:    170 282 2.962659 2119.5
2025-12-20 13:57:58 INFO     loss:    180 282 2.222960 2011.5
2025-12-20 13:58:02 INFO     loss:    190 282 3.010503 1809.0
2025-12-20 13:58:04 INFO     loss:    200 282 2.097633 2079.0
2025-12-20 13:58:07 INFO     loss:    210 282 1.511264 1795.5
2025-12-20 13:58:09 INFO     loss:    220 282 2.151822 1728.0
2025-12-20 13:58:12 INFO     loss:    230 282 1.844798 1458.0
2025-12-20 13:58:14 INFO     loss:    240 282 3.017762 1944.0
2025-12-20 13:58:16 INFO     loss:    250 282 2.595880 1660.5
2025-12-20 13:58:19 INFO     loss:    260 282 2.588492 2079.0
2025-12-20 13:58:21 INFO     loss:    270 282 2.851877 2011.5
2025-12-20 13:58:23 INFO     loss:    280 282 0.685589 1768.5
2025-12-20 13:58:24 INFO     >>>>> Predictor: Evaluating on valid
2025-12-20 13:58:59 INFO     Data : 2612
2025-12-20 13:58:59 INFO     Hit1 : 0.724349
2025-12-20 13:58:59 INFO     Hit3 : 0.883614
2025-12-20 13:58:59 INFO     Hit10: 0.948315
2025-12-20 13:58:59 INFO     MR   : 4.273354
2025-12-20 13:58:59 INFO     MRR  : 0.811700
2025-12-20 13:58:59 INFO     -------------------------
2025-12-20 13:58:59 INFO     | Iteration: 15/20
2025-12-20 13:58:59 INFO     -------------------------
2025-12-20 13:59:12 INFO     loss:    10 282 2.666001 1782.0
2025-12-20 13:59:15 INFO     loss:    20 282 3.024300 1917.0
2025-12-20 13:59:17 INFO     loss:    30 282 2.049210 2079.0
2025-12-20 13:59:19 INFO     loss:    40 282 3.156057 1701.0
2025-12-20 13:59:21 INFO     loss:    50 282 2.487453 1998.0
2025-12-20 13:59:24 INFO     loss:    60 282 0.588439 1984.5
2025-12-20 13:59:26 INFO     loss:    70 282 2.735020 2011.5
2025-12-20 13:59:29 INFO     loss:    80 282 3.160759 1944.0
2025-12-20 13:59:31 INFO     loss:    90 282 2.527769 1957.5
2025-12-20 13:59:34 INFO     loss:    100 282 0.586641 1795.5
2025-12-20 13:59:36 INFO     loss:    110 282 2.113759 1971.0
2025-12-20 13:59:37 INFO     loss:    120 282 2.396433 1903.5
2025-12-20 13:59:40 INFO     loss:    130 282 3.165221 1809.0
2025-12-20 13:59:42 INFO     loss:    140 282 2.569440 1957.5
2025-12-20 13:59:45 INFO     loss:    150 282 2.810728 1647.0
2025-12-20 13:59:46 INFO     loss:    160 282 2.108128 1539.0
2025-12-20 13:59:48 INFO     loss:    170 282 2.921706 2119.5
2025-12-20 13:59:51 INFO     loss:    180 282 2.145859 2011.5
2025-12-20 13:59:55 INFO     loss:    190 282 2.965962 1809.0
2025-12-20 13:59:58 INFO     loss:    200 282 2.007972 2079.0
2025-12-20 14:00:01 INFO     loss:    210 282 1.677328 1795.5
2025-12-20 14:00:03 INFO     loss:    220 282 2.118518 1728.0
2025-12-20 14:00:05 INFO     loss:    230 282 1.763540 1458.0
2025-12-20 14:00:08 INFO     loss:    240 282 2.989928 1944.0
2025-12-20 14:00:10 INFO     loss:    250 282 2.556198 1660.5
2025-12-20 14:00:13 INFO     loss:    260 282 2.559015 2079.0
2025-12-20 14:00:14 INFO     loss:    270 282 2.800155 2011.5
2025-12-20 14:00:17 INFO     loss:    280 282 0.629320 1768.5
2025-12-20 14:00:18 INFO     >>>>> Predictor: Evaluating on valid
2025-12-20 14:00:53 INFO     Data : 2612
2025-12-20 14:00:53 INFO     Hit1 : 0.726646
2025-12-20 14:00:53 INFO     Hit3 : 0.884380
2025-12-20 14:00:53 INFO     Hit10: 0.947550
2025-12-20 14:00:53 INFO     MR   : 4.314319
2025-12-20 14:00:53 INFO     MRR  : 0.812400
2025-12-20 14:00:53 INFO     -------------------------
2025-12-20 14:00:53 INFO     | Iteration: 16/20
2025-12-20 14:00:53 INFO     -------------------------
2025-12-20 14:01:06 INFO     loss:    10 282 2.614765 1782.0
2025-12-20 14:01:09 INFO     loss:    20 282 2.998633 1917.0
2025-12-20 14:01:11 INFO     loss:    30 282 1.997937 2079.0
2025-12-20 14:01:13 INFO     loss:    40 282 3.122957 1701.0
2025-12-20 14:01:15 INFO     loss:    50 282 2.427449 1998.0
2025-12-20 14:01:18 INFO     loss:    60 282 0.556789 1984.5
2025-12-20 14:01:21 INFO     loss:    70 282 2.667237 2011.5
2025-12-20 14:01:24 INFO     loss:    80 282 3.139353 1944.0
2025-12-20 14:01:26 INFO     loss:    90 282 2.479204 1957.5
2025-12-20 14:01:28 INFO     loss:    100 282 0.505936 1795.5
2025-12-20 14:01:31 INFO     loss:    110 282 2.006919 1971.0
2025-12-20 14:01:32 INFO     loss:    120 282 2.346364 1903.5
2025-12-20 14:01:35 INFO     loss:    130 282 3.149186 1809.0
2025-12-20 14:01:37 INFO     loss:    140 282 2.526944 1957.5
2025-12-20 14:01:40 INFO     loss:    150 282 2.770908 1647.0
2025-12-20 14:01:41 INFO     loss:    160 282 2.031198 1539.0
2025-12-20 14:01:43 INFO     loss:    170 282 2.879543 2119.5
2025-12-20 14:01:46 INFO     loss:    180 282 2.072733 2011.5
2025-12-20 14:01:51 INFO     loss:    190 282 2.922491 1809.0
2025-12-20 14:01:53 INFO     loss:    200 282 1.919779 2079.0
2025-12-20 14:01:56 INFO     loss:    210 282 1.430362 1795.5
2025-12-20 14:01:58 INFO     loss:    220 282 2.084201 1728.0
2025-12-20 14:02:01 INFO     loss:    230 282 1.693104 1458.0
2025-12-20 14:02:03 INFO     loss:    240 282 2.960272 1944.0
2025-12-20 14:02:05 INFO     loss:    250 282 2.519777 1660.5
2025-12-20 14:02:08 INFO     loss:    260 282 2.528836 2079.0
2025-12-20 14:02:10 INFO     loss:    270 282 2.746760 2011.5
2025-12-20 14:02:12 INFO     loss:    280 282 0.591202 1768.5
2025-12-20 14:02:13 INFO     >>>>> Predictor: Evaluating on valid
2025-12-20 14:02:48 INFO     Data : 2612
2025-12-20 14:02:48 INFO     Hit1 : 0.722818
2025-12-20 14:02:48 INFO     Hit3 : 0.875957
2025-12-20 14:02:48 INFO     Hit10: 0.945636
2025-12-20 14:02:48 INFO     MR   : 4.361026
2025-12-20 14:02:48 INFO     MRR  : 0.808441
2025-12-20 14:02:48 INFO     -------------------------
2025-12-20 14:02:48 INFO     | Iteration: 17/20
2025-12-20 14:02:48 INFO     -------------------------
2025-12-20 14:03:01 INFO     loss:    10 282 2.563817 1782.0
2025-12-20 14:03:04 INFO     loss:    20 282 2.974055 1917.0
2025-12-20 14:03:06 INFO     loss:    30 282 1.924691 2079.0
2025-12-20 14:03:08 INFO     loss:    40 282 3.091254 1701.0
2025-12-20 14:03:10 INFO     loss:    50 282 2.370054 1998.0
2025-12-20 14:03:13 INFO     loss:    60 282 0.536047 1984.5
2025-12-20 14:03:15 INFO     loss:    70 282 2.603330 2011.5
2025-12-20 14:03:18 INFO     loss:    80 282 3.117206 1944.0
2025-12-20 14:03:20 INFO     loss:    90 282 2.432479 1957.5
2025-12-20 14:03:23 INFO     loss:    100 282 0.447530 1795.5
2025-12-20 14:03:25 INFO     loss:    110 282 1.905277 1971.0
2025-12-20 14:03:26 INFO     loss:    120 282 2.295831 1903.5
2025-12-20 14:03:29 INFO     loss:    130 282 3.132937 1809.0
2025-12-20 14:03:31 INFO     loss:    140 282 2.481779 1957.5
2025-12-20 14:03:34 INFO     loss:    150 282 2.744861 1647.0
2025-12-20 14:03:35 INFO     loss:    160 282 2.280073 1539.0
2025-12-20 14:03:38 INFO     loss:    170 282 2.837389 2119.5
2025-12-20 14:03:41 INFO     loss:    180 282 2.004997 2011.5
2025-12-20 14:03:45 INFO     loss:    190 282 2.881596 1809.0
2025-12-20 14:03:47 INFO     loss:    200 282 1.837038 2079.0
2025-12-20 14:03:50 INFO     loss:    210 282 1.333221 1795.5
2025-12-20 14:03:52 INFO     loss:    220 282 2.047773 1728.0
2025-12-20 14:03:55 INFO     loss:    230 282 1.634713 1458.0
2025-12-20 14:03:57 INFO     loss:    240 282 2.928604 1944.0
2025-12-20 14:04:00 INFO     loss:    250 282 2.486320 1660.5
2025-12-20 14:04:02 INFO     loss:    260 282 2.498527 2079.0
2025-12-20 14:04:04 INFO     loss:    270 282 2.692936 2011.5
2025-12-20 14:04:07 INFO     loss:    280 282 0.565248 1768.5
2025-12-20 14:04:08 INFO     >>>>> Predictor: Evaluating on valid
2025-12-20 14:04:43 INFO     Data : 2612
2025-12-20 14:04:43 INFO     Hit1 : 0.718606
2025-12-20 14:04:43 INFO     Hit3 : 0.875574
2025-12-20 14:04:43 INFO     Hit10: 0.945253
2025-12-20 14:04:43 INFO     MR   : 4.366769
2025-12-20 14:04:43 INFO     MRR  : 0.805355
2025-12-20 14:04:43 INFO     -------------------------
2025-12-20 14:04:43 INFO     | Iteration: 18/20
2025-12-20 14:04:43 INFO     -------------------------
2025-12-20 14:04:57 INFO     loss:    10 282 2.513469 1782.0
2025-12-20 14:04:59 INFO     loss:    20 282 2.952129 1917.0
2025-12-20 14:05:01 INFO     loss:    30 282 1.862922 2079.0
2025-12-20 14:05:04 INFO     loss:    40 282 3.060777 1701.0
2025-12-20 14:05:05 INFO     loss:    50 282 2.316692 1998.0
2025-12-20 14:05:08 INFO     loss:    60 282 0.537346 1984.5
2025-12-20 14:05:11 INFO     loss:    70 282 2.546533 2011.5
2025-12-20 14:05:14 INFO     loss:    80 282 3.095392 1944.0
2025-12-20 14:05:16 INFO     loss:    90 282 2.387913 1957.5
2025-12-20 14:05:18 INFO     loss:    100 282 0.407064 1795.5
2025-12-20 14:05:21 INFO     loss:    110 282 1.811735 1971.0
2025-12-20 14:05:22 INFO     loss:    120 282 2.245865 1903.5
2025-12-20 14:05:25 INFO     loss:    130 282 3.115754 1809.0
2025-12-20 14:05:27 INFO     loss:    140 282 2.434146 1957.5
2025-12-20 14:05:30 INFO     loss:    150 282 2.743856 1647.0
2025-12-20 14:05:32 INFO     loss:    160 282 2.123348 1539.0
2025-12-20 14:05:34 INFO     loss:    170 282 2.795483 2119.5
2025-12-20 14:05:37 INFO     loss:    180 282 1.941470 2011.5
2025-12-20 14:05:41 INFO     loss:    190 282 2.842169 1809.0
2025-12-20 14:05:44 INFO     loss:    200 282 1.772890 2079.0
2025-12-20 14:05:47 INFO     loss:    210 282 1.259888 1795.5
2025-12-20 14:05:49 INFO     loss:    220 282 2.009972 1728.0
2025-12-20 14:05:52 INFO     loss:    230 282 1.584359 1458.0
2025-12-20 14:05:54 INFO     loss:    240 282 2.898099 1944.0
2025-12-20 14:05:56 INFO     loss:    250 282 2.453483 1660.5
2025-12-20 14:05:59 INFO     loss:    260 282 2.466432 2079.0
2025-12-20 14:06:01 INFO     loss:    270 282 2.640463 2011.5
2025-12-20 14:06:04 INFO     loss:    280 282 0.546470 1768.5
2025-12-20 14:06:04 INFO     >>>>> Predictor: Evaluating on valid
2025-12-20 14:06:42 INFO     Data : 2612
2025-12-20 14:06:42 INFO     Hit1 : 0.714778
2025-12-20 14:06:42 INFO     Hit3 : 0.867152
2025-12-20 14:06:42 INFO     Hit10: 0.945253
2025-12-20 14:06:42 INFO     MR   : 4.419602
2025-12-20 14:06:42 INFO     MRR  : 0.801323
2025-12-20 14:06:42 INFO     -------------------------
2025-12-20 14:06:42 INFO     | Iteration: 19/20
2025-12-20 14:06:42 INFO     -------------------------
2025-12-20 14:06:56 INFO     loss:    10 282 2.463506 1782.0
2025-12-20 14:06:59 INFO     loss:    20 282 2.933580 1917.0
2025-12-20 14:07:01 INFO     loss:    30 282 1.796819 2079.0
2025-12-20 14:07:03 INFO     loss:    40 282 3.032145 1701.0
2025-12-20 14:07:05 INFO     loss:    50 282 2.267271 1998.0
2025-12-20 14:07:08 INFO     loss:    60 282 0.637773 1984.5
2025-12-20 14:07:10 INFO     loss:    70 282 2.501984 2011.5
2025-12-20 14:07:13 INFO     loss:    80 282 3.072752 1944.0
2025-12-20 14:07:15 INFO     loss:    90 282 2.344184 1957.5
2025-12-20 14:07:18 INFO     loss:    100 282 0.380047 1795.5
2025-12-20 14:07:21 INFO     loss:    110 282 1.728430 1971.0
2025-12-20 14:07:22 INFO     loss:    120 282 2.197007 1903.5
2025-12-20 14:07:25 INFO     loss:    130 282 3.098586 1809.0
2025-12-20 14:07:27 INFO     loss:    140 282 2.386643 1957.5
2025-12-20 14:07:30 INFO     loss:    150 282 2.679676 1647.0
2025-12-20 14:07:32 INFO     loss:    160 282 1.932087 1539.0
2025-12-20 14:07:34 INFO     loss:    170 282 2.754121 2119.5
2025-12-20 14:07:37 INFO     loss:    180 282 1.882420 2011.5
2025-12-20 14:07:41 INFO     loss:    190 282 2.805717 1809.0
2025-12-20 14:07:44 INFO     loss:    200 282 1.702738 2079.0
2025-12-20 14:07:47 INFO     loss:    210 282 1.230384 1795.5
2025-12-20 14:07:48 INFO     loss:    220 282 1.971163 1728.0
2025-12-20 14:07:51 INFO     loss:    230 282 1.540956 1458.0
2025-12-20 14:07:53 INFO     loss:    240 282 2.864810 1944.0
2025-12-20 14:07:56 INFO     loss:    250 282 2.422905 1660.5
2025-12-20 14:07:58 INFO     loss:    260 282 2.433964 2079.0
2025-12-20 14:08:00 INFO     loss:    270 282 2.590991 2011.5
2025-12-20 14:08:03 INFO     loss:    280 282 0.532709 1768.5
2025-12-20 14:08:04 INFO     >>>>> Predictor: Evaluating on valid
2025-12-20 14:08:42 INFO     Data : 2612
2025-12-20 14:08:42 INFO     Hit1 : 0.704058
2025-12-20 14:08:42 INFO     Hit3 : 0.864472
2025-12-20 14:08:42 INFO     Hit10: 0.943721
2025-12-20 14:08:42 INFO     MR   : 4.491960
2025-12-20 14:08:42 INFO     MRR  : 0.794351
2025-12-20 14:08:42 INFO     -------------------------
2025-12-20 14:08:42 INFO     | Iteration: 20/20
2025-12-20 14:08:42 INFO     -------------------------
2025-12-20 14:08:56 INFO     loss:    10 282 2.414612 1782.0
2025-12-20 14:08:59 INFO     loss:    20 282 2.906844 1917.0
2025-12-20 14:09:00 INFO     loss:    30 282 1.722250 2079.0
2025-12-20 14:09:03 INFO     loss:    40 282 3.004923 1701.0
2025-12-20 14:09:05 INFO     loss:    50 282 2.220728 1998.0
2025-12-20 14:09:08 INFO     loss:    60 282 0.560730 1984.5
2025-12-20 14:09:10 INFO     loss:    70 282 2.456936 2011.5
2025-12-20 14:09:13 INFO     loss:    80 282 3.050088 1944.0
2025-12-20 14:09:15 INFO     loss:    90 282 2.302349 1957.5
2025-12-20 14:09:18 INFO     loss:    100 282 0.361609 1795.5
2025-12-20 14:09:20 INFO     loss:    110 282 1.655029 1971.0
2025-12-20 14:09:22 INFO     loss:    120 282 2.149792 1903.5
2025-12-20 14:09:25 INFO     loss:    130 282 3.080011 1809.0
2025-12-20 14:09:27 INFO     loss:    140 282 2.336995 1957.5
2025-12-20 14:09:30 INFO     loss:    150 282 2.659793 1647.0
2025-12-20 14:09:31 INFO     loss:    160 282 1.881480 1539.0
2025-12-20 14:09:34 INFO     loss:    170 282 2.713344 2119.5
2025-12-20 14:09:37 INFO     loss:    180 282 1.828201 2011.5
2025-12-20 14:09:41 INFO     loss:    190 282 2.771085 1809.0
2025-12-20 14:09:43 INFO     loss:    200 282 1.705536 2079.0
2025-12-20 14:09:47 INFO     loss:    210 282 1.218329 1795.5
2025-12-20 14:09:48 INFO     loss:    220 282 1.932130 1728.0
2025-12-20 14:09:51 INFO     loss:    230 282 1.502782 1458.0
2025-12-20 14:09:53 INFO     loss:    240 282 2.832500 1944.0
2025-12-20 14:09:56 INFO     loss:    250 282 2.394993 1660.5
2025-12-20 14:09:59 INFO     loss:    260 282 2.400898 2079.0
2025-12-20 14:10:00 INFO     loss:    270 282 2.544134 2011.5
2025-12-20 14:10:03 INFO     loss:    280 282 0.522669 1768.5
2025-12-20 14:10:04 INFO     >>>>> Predictor: Evaluating on valid
2025-12-20 14:10:40 INFO     Data : 2612
2025-12-20 14:10:40 INFO     Hit1 : 0.699081
2025-12-20 14:10:40 INFO     Hit3 : 0.856815
2025-12-20 14:10:40 INFO     Hit10: 0.941041
2025-12-20 14:10:40 INFO     MR   : 4.558193
2025-12-20 14:10:40 INFO     MRR  : 0.790004
2025-12-20 14:10:40 INFO     -------------------------
2025-12-20 14:10:40 INFO     | Final Test MRR: 0.000000
2025-12-20 14:10:40 INFO     -------------------------
2025-12-20 14:10:40 INFO     >>>>> Predictor: Evaluating on valid
2025-12-20 14:11:17 INFO     Data : 2612
2025-12-20 14:11:17 INFO     Hit1 : 0.731623
2025-12-20 14:11:17 INFO     Hit3 : 0.888591
2025-12-20 14:11:17 INFO     Hit10: 0.952144
2025-12-20 14:11:17 INFO     MR   : 4.161179
2025-12-20 14:11:17 INFO     MRR  : 0.818627
2025-12-20 14:11:17 INFO     >>>>> Predictor: Evaluating on test
2025-12-20 14:12:32 INFO     Data : 6528
2025-12-20 14:12:32 INFO     Hit1 : 0.724724
2025-12-20 14:12:32 INFO     Hit3 : 0.879902
2025-12-20 14:12:32 INFO     Hit10: 0.951900
2025-12-20 14:12:32 INFO     MR   : 3.769148
2025-12-20 14:12:32 INFO     MRR  : 0.811845
2025-12-20 14:12:32 INFO     >>>>> Predictor: Evaluating on test_kge
2025-12-20 14:13:49 INFO     Data : 6528
2025-12-20 14:13:49 INFO     Hit1 : 0.785846
2025-12-20 14:13:49 INFO     Hit3 : 0.924020
2025-12-20 14:13:49 INFO     Hit10: 0.974112
2025-12-20 14:13:49 INFO     MR   : 2.608456
2025-12-20 14:13:49 INFO     MRR  : 0.861198
2025-12-20 14:13:49 INFO     -------------------------
2025-12-20 14:13:49 INFO     | Best Valid MRR: 0.818627
2025-12-20 14:13:49 INFO     | Best Test MRR : 0.811845
2025-12-20 14:13:49 INFO     | Test+KGE MRR  : 0.861198
2025-12-20 14:13:49 INFO     -------------------------
