2025-12-20 11:21:08 INFO     Query-Conditioned Attention enabled: attention_hidden_dim=64, dropout=0.1
2025-12-20 11:21:08 INFO     read 18400 rules from list.
2025-12-20 11:21:08 INFO     Loaded support_counts from ../data/umls\support_counts.pt
2025-12-20 11:21:08 INFO     Uncertainty modeling initialized: num_rules=18400, num_samples=5, lambda_0=2.0
2025-12-20 11:21:08 INFO     Finishing pre-training!
2025-12-20 11:21:09 INFO     Test the results of pre-training
2025-12-20 11:21:10 INFO     Pre-computed rule_mu for grounding: mean=-2.119492, std=0.643764
2025-12-20 11:21:10 INFO     >>>>> RulE: Grounding-Training
2025-12-20 11:21:10 INFO     -------------------------
2025-12-20 11:21:10 INFO     | Iteration: 1/20
2025-12-20 11:21:10 INFO     -------------------------
2025-12-20 11:21:23 INFO     loss:    10 282 4.938625 1782.0
2025-12-20 11:21:28 INFO     loss:    20 282 4.951181 1917.0
2025-12-20 11:21:33 INFO     loss:    30 282 4.775265 2079.0
2025-12-20 11:21:39 INFO     loss:    40 282 4.752479 1701.0
2025-12-20 11:21:45 INFO     loss:    50 282 4.894956 1998.0
2025-12-20 11:21:51 INFO     loss:    60 282 4.837797 1984.5
2025-12-20 11:21:58 INFO     loss:    70 282 4.841184 2011.5
2025-12-20 11:22:09 INFO     loss:    80 282 4.574663 1944.0
2025-12-20 11:22:15 INFO     loss:    90 282 5.278180 1957.5
2025-12-20 11:22:25 INFO     loss:    100 282 4.932570 1795.5
2025-12-20 11:22:31 INFO     loss:    110 282 5.247887 1971.0
2025-12-20 11:22:34 INFO     loss:    120 282 4.600801 1903.5
2025-12-20 11:22:43 INFO     loss:    130 282 4.353746 1809.0
2025-12-20 11:22:48 INFO     loss:    140 282 4.392855 1957.5
2025-12-20 11:22:59 INFO     loss:    150 282 4.846839 1647.0
2025-12-20 11:23:02 INFO     loss:    160 282 4.923460 1539.0
2025-12-20 11:23:05 INFO     loss:    170 282 4.515405 2119.5
2025-12-20 11:23:11 INFO     loss:    180 282 4.217241 2011.5
2025-12-20 11:23:20 INFO     loss:    190 282 4.588627 1809.0
2025-12-20 11:23:29 INFO     loss:    200 282 4.603844 2079.0
2025-12-20 11:23:39 INFO     loss:    210 282 4.902010 1795.5
2025-12-20 11:23:43 INFO     loss:    220 282 4.149157 1728.0
2025-12-20 11:23:54 INFO     loss:    230 282 4.295083 1458.0
2025-12-20 11:24:00 INFO     loss:    240 282 4.442061 1944.0
2025-12-20 11:24:06 INFO     loss:    250 282 4.780340 1660.5
2025-12-20 11:24:16 INFO     loss:    260 282 4.013350 2079.0
2025-12-20 11:24:20 INFO     loss:    270 282 4.112704 2011.5
2025-12-20 11:24:28 INFO     loss:    280 282 4.525688 1768.5
2025-12-20 11:24:30 INFO     >>>>> Predictor: Evaluating on valid
2025-12-20 11:25:16 INFO     Data : 2612
2025-12-20 11:25:16 INFO     Hit1 : 0.391271
2025-12-20 11:25:16 INFO     Hit3 : 0.607198
2025-12-20 11:25:16 INFO     Hit10: 0.779096
2025-12-20 11:25:16 INFO     MR   : 9.772205
2025-12-20 11:25:16 INFO     MRR  : 0.530508
2025-12-20 11:25:16 INFO     Save checkpoint to umls\grounding.pt
2025-12-20 11:25:17 INFO     -------------------------
2025-12-20 11:25:17 INFO     | Iteration: 2/20
2025-12-20 11:25:17 INFO     -------------------------
2025-12-20 11:25:29 INFO     loss:    10 282 4.182081 1782.0
2025-12-20 11:25:34 INFO     loss:    20 282 4.237419 1917.0
2025-12-20 11:25:38 INFO     loss:    30 282 4.109072 2079.0
2025-12-20 11:25:45 INFO     loss:    40 282 4.362841 1701.0
2025-12-20 11:25:51 INFO     loss:    50 282 3.920425 1998.0
2025-12-20 11:25:56 INFO     loss:    60 282 4.508090 1984.5
2025-12-20 11:26:03 INFO     loss:    70 282 4.455820 2011.5
2025-12-20 11:26:14 INFO     loss:    80 282 4.025512 1944.0
2025-12-20 11:26:20 INFO     loss:    90 282 4.442215 1957.5
2025-12-20 11:26:30 INFO     loss:    100 282 4.648711 1795.5
2025-12-20 11:26:36 INFO     loss:    110 282 4.409403 1971.0
2025-12-20 11:26:39 INFO     loss:    120 282 3.882383 1903.5
2025-12-20 11:26:49 INFO     loss:    130 282 3.881106 1809.0
2025-12-20 11:26:53 INFO     loss:    140 282 3.815651 1957.5
2025-12-20 11:27:04 INFO     loss:    150 282 4.536661 1647.0
2025-12-20 11:27:07 INFO     loss:    160 282 4.572850 1539.0
2025-12-20 11:27:10 INFO     loss:    170 282 3.795660 2119.5
2025-12-20 11:27:17 INFO     loss:    180 282 3.667521 2011.5
2025-12-20 11:27:25 INFO     loss:    190 282 4.181150 1809.0
2025-12-20 11:27:34 INFO     loss:    200 282 4.012062 2079.0
2025-12-20 11:27:44 INFO     loss:    210 282 4.528927 1795.5
2025-12-20 11:27:48 INFO     loss:    220 282 3.437279 1728.0
2025-12-20 11:27:59 INFO     loss:    230 282 3.426532 1458.0
2025-12-20 11:28:05 INFO     loss:    240 282 3.907613 1944.0
2025-12-20 11:28:12 INFO     loss:    250 282 4.023830 1660.5
2025-12-20 11:28:21 INFO     loss:    260 282 3.454736 2079.0
2025-12-20 11:28:26 INFO     loss:    270 282 3.678971 2011.5
2025-12-20 11:28:34 INFO     loss:    280 282 4.107085 1768.5
2025-12-20 11:28:36 INFO     >>>>> Predictor: Evaluating on valid
2025-12-20 11:29:22 INFO     Data : 2612
2025-12-20 11:29:22 INFO     Hit1 : 0.561639
2025-12-20 11:29:22 INFO     Hit3 : 0.795559
2025-12-20 11:29:22 INFO     Hit10: 0.905819
2025-12-20 11:29:22 INFO     MR   : 5.711332
2025-12-20 11:29:22 INFO     MRR  : 0.693733
2025-12-20 11:29:22 INFO     Save checkpoint to umls\grounding.pt
2025-12-20 11:29:22 INFO     -------------------------
2025-12-20 11:29:22 INFO     | Iteration: 3/20
2025-12-20 11:29:22 INFO     -------------------------
2025-12-20 11:29:34 INFO     loss:    10 282 3.674479 1782.0
2025-12-20 11:29:40 INFO     loss:    20 282 3.806629 1917.0
2025-12-20 11:29:44 INFO     loss:    30 282 3.415772 2079.0
2025-12-20 11:29:50 INFO     loss:    40 282 4.015068 1701.0
2025-12-20 11:29:57 INFO     loss:    50 282 3.455598 1998.0
2025-12-20 11:30:03 INFO     loss:    60 282 4.013134 1984.5
2025-12-20 11:30:10 INFO     loss:    70 282 4.049870 2011.5
2025-12-20 11:30:21 INFO     loss:    80 282 3.738439 1944.0
2025-12-20 11:30:27 INFO     loss:    90 282 3.696217 1957.5
2025-12-20 11:30:37 INFO     loss:    100 282 4.251307 1795.5
2025-12-20 11:30:43 INFO     loss:    110 282 3.640012 1971.0
2025-12-20 11:30:46 INFO     loss:    120 282 3.404173 1903.5
2025-12-20 11:30:55 INFO     loss:    130 282 3.610114 1809.0
2025-12-20 11:30:59 INFO     loss:    140 282 3.403237 1957.5
2025-12-20 11:31:11 INFO     loss:    150 282 4.224711 1647.0
2025-12-20 11:31:13 INFO     loss:    160 282 4.175279 1539.0
2025-12-20 11:31:16 INFO     loss:    170 282 3.543923 2119.5
2025-12-20 11:31:23 INFO     loss:    180 282 3.284538 2011.5
2025-12-20 11:31:31 INFO     loss:    190 282 3.845423 1809.0
2025-12-20 11:31:41 INFO     loss:    200 282 3.503717 2079.0
2025-12-20 11:31:50 INFO     loss:    210 282 4.131835 1795.5
2025-12-20 11:31:54 INFO     loss:    220 282 2.949681 1728.0
2025-12-20 11:32:05 INFO     loss:    230 282 2.988622 1458.0
2025-12-20 11:32:11 INFO     loss:    240 282 3.617299 1944.0
2025-12-20 11:32:18 INFO     loss:    250 282 3.474621 1660.5
2025-12-20 11:32:27 INFO     loss:    260 282 3.174140 2079.0
2025-12-20 11:32:32 INFO     loss:    270 282 3.492728 2011.5
2025-12-20 11:32:40 INFO     loss:    280 282 3.652142 1768.5
2025-12-20 11:32:42 INFO     >>>>> Predictor: Evaluating on valid
2025-12-20 11:33:28 INFO     Data : 2612
2025-12-20 11:33:28 INFO     Hit1 : 0.651991
2025-12-20 11:33:28 INFO     Hit3 : 0.849541
2025-12-20 11:33:28 INFO     Hit10: 0.932236
2025-12-20 11:33:28 INFO     MR   : 4.821210
2025-12-20 11:33:28 INFO     MRR  : 0.763497
2025-12-20 11:33:28 INFO     Save checkpoint to umls\grounding.pt
2025-12-20 11:33:28 INFO     -------------------------
2025-12-20 11:33:28 INFO     | Iteration: 4/20
2025-12-20 11:33:28 INFO     -------------------------
2025-12-20 11:33:40 INFO     loss:    10 282 3.388443 1782.0
2025-12-20 11:33:45 INFO     loss:    20 282 3.571818 1917.0
2025-12-20 11:33:50 INFO     loss:    30 282 3.005884 2079.0
2025-12-20 11:33:56 INFO     loss:    40 282 3.771659 1701.0
2025-12-20 11:34:02 INFO     loss:    50 282 3.204711 1998.0
2025-12-20 11:34:08 INFO     loss:    60 282 3.394782 1984.5
2025-12-20 11:34:15 INFO     loss:    70 282 3.711154 2011.5
2025-12-20 11:34:26 INFO     loss:    80 282 3.570444 1944.0
2025-12-20 11:34:32 INFO     loss:    90 282 3.282270 1957.5
2025-12-20 11:34:42 INFO     loss:    100 282 3.746210 1795.5
2025-12-20 11:34:48 INFO     loss:    110 282 3.182146 1971.0
2025-12-20 11:34:51 INFO     loss:    120 282 3.118996 1903.5
2025-12-20 11:35:01 INFO     loss:    130 282 3.449977 1809.0
2025-12-20 11:35:05 INFO     loss:    140 282 3.151230 1957.5
2025-12-20 11:35:16 INFO     loss:    150 282 3.964848 1647.0
2025-12-20 11:35:19 INFO     loss:    160 282 3.749738 1539.0
2025-12-20 11:35:22 INFO     loss:    170 282 3.428240 2119.5
2025-12-20 11:35:29 INFO     loss:    180 282 3.052470 2011.5
2025-12-20 11:35:37 INFO     loss:    190 282 3.633333 1809.0
2025-12-20 11:35:47 INFO     loss:    200 282 3.147691 2079.0
2025-12-20 11:35:56 INFO     loss:    210 282 3.708460 1795.5
2025-12-20 11:36:01 INFO     loss:    220 282 2.682039 1728.0
2025-12-20 11:36:12 INFO     loss:    230 282 2.766662 1458.0
2025-12-20 11:36:18 INFO     loss:    240 282 3.466002 1944.0
2025-12-20 11:36:24 INFO     loss:    250 282 3.212817 1660.5
2025-12-20 11:36:34 INFO     loss:    260 282 3.012871 2079.0
2025-12-20 11:36:38 INFO     loss:    270 282 3.372025 2011.5
2025-12-20 11:36:46 INFO     loss:    280 282 3.202126 1768.5
2025-12-20 11:36:48 INFO     >>>>> Predictor: Evaluating on valid
2025-12-20 11:37:34 INFO     Data : 2612
2025-12-20 11:37:34 INFO     Hit1 : 0.688361
2025-12-20 11:37:34 INFO     Hit3 : 0.874426
2025-12-20 11:37:34 INFO     Hit10: 0.939510
2025-12-20 11:37:34 INFO     MR   : 4.509188
2025-12-20 11:37:34 INFO     MRR  : 0.790075
2025-12-20 11:37:34 INFO     Save checkpoint to umls\grounding.pt
2025-12-20 11:37:35 INFO     -------------------------
2025-12-20 11:37:35 INFO     | Iteration: 5/20
2025-12-20 11:37:35 INFO     -------------------------
2025-12-20 11:37:47 INFO     loss:    10 282 3.250499 1782.0
2025-12-20 11:37:52 INFO     loss:    20 282 3.438465 1917.0
2025-12-20 11:37:57 INFO     loss:    30 282 2.809555 2079.0
2025-12-20 11:38:03 INFO     loss:    40 282 3.625322 1701.0
2025-12-20 11:38:09 INFO     loss:    50 282 3.070973 1998.0
2025-12-20 11:38:15 INFO     loss:    60 282 2.800570 1984.5
2025-12-20 11:38:22 INFO     loss:    70 282 3.479645 2011.5
2025-12-20 11:38:33 INFO     loss:    80 282 3.478330 1944.0
2025-12-20 11:38:39 INFO     loss:    90 282 3.094386 1957.5
2025-12-20 11:38:48 INFO     loss:    100 282 3.170735 1795.5
2025-12-20 11:38:55 INFO     loss:    110 282 2.969083 1971.0
2025-12-20 11:38:57 INFO     loss:    120 282 2.955263 1903.5
2025-12-20 11:39:07 INFO     loss:    130 282 3.350824 1809.0
2025-12-20 11:39:11 INFO     loss:    140 282 3.000566 1957.5
2025-12-20 11:39:22 INFO     loss:    150 282 3.760645 1647.0
2025-12-20 11:39:25 INFO     loss:    160 282 3.407488 1539.0
2025-12-20 11:39:28 INFO     loss:    170 282 3.330366 2119.5
2025-12-20 11:39:35 INFO     loss:    180 282 2.908714 2011.5
2025-12-20 11:39:43 INFO     loss:    190 282 3.508613 1809.0
2025-12-20 11:39:52 INFO     loss:    200 282 2.915313 2079.0
2025-12-20 11:40:02 INFO     loss:    210 282 3.287320 1795.5
2025-12-20 11:40:06 INFO     loss:    220 282 2.541555 1728.0
2025-12-20 11:40:17 INFO     loss:    230 282 2.651497 1458.0
2025-12-20 11:40:23 INFO     loss:    240 282 3.358353 1944.0
2025-12-20 11:40:29 INFO     loss:    250 282 3.081948 1660.5
2025-12-20 11:40:39 INFO     loss:    260 282 2.905507 2079.0
2025-12-20 11:40:44 INFO     loss:    270 282 3.273919 2011.5
2025-12-20 11:40:52 INFO     loss:    280 282 2.740424 1768.5
2025-12-20 11:40:54 INFO     >>>>> Predictor: Evaluating on valid
2025-12-20 11:41:42 INFO     Data : 2612
2025-12-20 11:41:42 INFO     Hit1 : 0.699464
2025-12-20 11:41:42 INFO     Hit3 : 0.884380
2025-12-20 11:41:42 INFO     Hit10: 0.945636
2025-12-20 11:41:42 INFO     MR   : 4.350306
2025-12-20 11:41:42 INFO     MRR  : 0.799569
2025-12-20 11:41:42 INFO     Save checkpoint to umls\grounding.pt
2025-12-20 11:41:43 INFO     -------------------------
2025-12-20 11:41:43 INFO     | Iteration: 6/20
2025-12-20 11:41:43 INFO     -------------------------
2025-12-20 11:41:55 INFO     loss:    10 282 3.170685 1782.0
2025-12-20 11:42:00 INFO     loss:    20 282 3.343836 1917.0
2025-12-20 11:42:05 INFO     loss:    30 282 2.687951 2079.0
2025-12-20 11:42:11 INFO     loss:    40 282 3.537400 1701.0
2025-12-20 11:42:17 INFO     loss:    50 282 2.958284 1998.0
2025-12-20 11:42:23 INFO     loss:    60 282 2.259403 1984.5
2025-12-20 11:42:30 INFO     loss:    70 282 3.355047 2011.5
2025-12-20 11:42:41 INFO     loss:    80 282 3.404835 1944.0
2025-12-20 11:42:47 INFO     loss:    90 282 3.000042 1957.5
2025-12-20 11:42:57 INFO     loss:    100 282 2.664995 1795.5
2025-12-20 11:43:03 INFO     loss:    110 282 2.833639 1971.0
2025-12-20 11:43:06 INFO     loss:    120 282 2.851466 1903.5
2025-12-20 11:43:15 INFO     loss:    130 282 3.300702 1809.0
2025-12-20 11:43:20 INFO     loss:    140 282 2.902979 1957.5
2025-12-20 11:43:31 INFO     loss:    150 282 3.572702 1647.0
2025-12-20 11:43:34 INFO     loss:    160 282 3.171778 1539.0
2025-12-20 11:43:37 INFO     loss:    170 282 3.272850 2119.5
2025-12-20 11:43:44 INFO     loss:    180 282 2.810575 2011.5
2025-12-20 11:43:52 INFO     loss:    190 282 3.418442 1809.0
2025-12-20 11:44:01 INFO     loss:    200 282 2.770114 2079.0
2025-12-20 11:44:11 INFO     loss:    210 282 2.921571 1795.5
2025-12-20 11:44:15 INFO     loss:    220 282 2.447624 1728.0
2025-12-20 11:44:26 INFO     loss:    230 282 2.534310 1458.0
2025-12-20 11:44:32 INFO     loss:    240 282 3.284932 1944.0
2025-12-20 11:44:38 INFO     loss:    250 282 2.990891 1660.5
2025-12-20 11:44:48 INFO     loss:    260 282 2.835232 2079.0
2025-12-20 11:44:52 INFO     loss:    270 282 3.207797 2011.5
2025-12-20 11:45:00 INFO     loss:    280 282 2.306871 1768.5
2025-12-20 11:45:03 INFO     >>>>> Predictor: Evaluating on valid
2025-12-20 11:45:48 INFO     Data : 2612
2025-12-20 11:45:48 INFO     Hit1 : 0.717075
2025-12-20 11:45:48 INFO     Hit3 : 0.889357
2025-12-20 11:45:48 INFO     Hit10: 0.947550
2025-12-20 11:45:48 INFO     MR   : 4.238897
2025-12-20 11:45:48 INFO     MRR  : 0.809996
2025-12-20 11:45:48 INFO     Save checkpoint to umls\grounding.pt
2025-12-20 11:45:49 INFO     -------------------------
2025-12-20 11:45:49 INFO     | Iteration: 7/20
2025-12-20 11:45:49 INFO     -------------------------
2025-12-20 11:46:01 INFO     loss:    10 282 3.107191 1782.0
2025-12-20 11:46:07 INFO     loss:    20 282 3.287398 1917.0
2025-12-20 11:46:11 INFO     loss:    30 282 2.611917 2079.0
2025-12-20 11:46:17 INFO     loss:    40 282 3.471364 1701.0
2025-12-20 11:46:24 INFO     loss:    50 282 2.887590 1998.0
2025-12-20 11:46:30 INFO     loss:    60 282 1.838484 1984.5
2025-12-20 11:46:37 INFO     loss:    70 282 3.282081 2011.5
2025-12-20 11:46:48 INFO     loss:    80 282 3.359265 1944.0
2025-12-20 11:46:54 INFO     loss:    90 282 2.925781 1957.5
2025-12-20 11:47:03 INFO     loss:    100 282 2.229451 1795.5
2025-12-20 11:47:09 INFO     loss:    110 282 2.730039 1971.0
2025-12-20 11:47:12 INFO     loss:    120 282 2.777946 1903.5
2025-12-20 11:47:22 INFO     loss:    130 282 3.267482 1809.0
2025-12-20 11:47:26 INFO     loss:    140 282 2.837707 1957.5
2025-12-20 11:47:37 INFO     loss:    150 282 3.419624 1647.0
2025-12-20 11:47:40 INFO     loss:    160 282 2.994514 1539.0
2025-12-20 11:47:43 INFO     loss:    170 282 3.218977 2119.5
2025-12-20 11:47:50 INFO     loss:    180 282 2.729543 2011.5
2025-12-20 11:47:59 INFO     loss:    190 282 3.354069 1809.0
2025-12-20 11:48:08 INFO     loss:    200 282 2.673196 2079.0
2025-12-20 11:48:17 INFO     loss:    210 282 2.625330 1795.5
2025-12-20 11:48:22 INFO     loss:    220 282 2.404772 1728.0
2025-12-20 11:48:33 INFO     loss:    230 282 2.456551 1458.0
2025-12-20 11:48:39 INFO     loss:    240 282 3.223768 1944.0
2025-12-20 11:48:45 INFO     loss:    250 282 2.933420 1660.5
2025-12-20 11:48:55 INFO     loss:    260 282 2.781758 2079.0
2025-12-20 11:48:59 INFO     loss:    270 282 3.157609 2011.5
2025-12-20 11:49:07 INFO     loss:    280 282 1.934493 1768.5
2025-12-20 11:49:09 INFO     >>>>> Predictor: Evaluating on valid
2025-12-20 11:49:55 INFO     Data : 2612
2025-12-20 11:49:55 INFO     Hit1 : 0.726263
2025-12-20 11:49:55 INFO     Hit3 : 0.891654
2025-12-20 11:49:55 INFO     Hit10: 0.948315
2025-12-20 11:49:55 INFO     MR   : 4.168070
2025-12-20 11:49:55 INFO     MRR  : 0.815326
2025-12-20 11:49:55 INFO     Save checkpoint to umls\grounding.pt
2025-12-20 11:49:55 INFO     -------------------------
2025-12-20 11:49:55 INFO     | Iteration: 8/20
2025-12-20 11:49:55 INFO     -------------------------
2025-12-20 11:50:07 INFO     loss:    10 282 3.058856 1782.0
2025-12-20 11:50:12 INFO     loss:    20 282 3.243274 1917.0
2025-12-20 11:50:17 INFO     loss:    30 282 2.557062 2079.0
2025-12-20 11:50:23 INFO     loss:    40 282 3.424730 1701.0
2025-12-20 11:50:29 INFO     loss:    50 282 2.816695 1998.0
2025-12-20 11:50:35 INFO     loss:    60 282 1.474867 1984.5
2025-12-20 11:50:42 INFO     loss:    70 282 3.211303 2011.5
2025-12-20 11:50:53 INFO     loss:    80 282 3.335310 1944.0
2025-12-20 11:50:59 INFO     loss:    90 282 2.861003 1957.5
2025-12-20 11:51:09 INFO     loss:    100 282 1.816546 1795.5
2025-12-20 11:51:15 INFO     loss:    110 282 2.649000 1971.0
2025-12-20 11:51:18 INFO     loss:    120 282 2.706847 1903.5
2025-12-20 11:51:28 INFO     loss:    130 282 3.252945 1809.0
2025-12-20 11:51:32 INFO     loss:    140 282 2.799566 1957.5
2025-12-20 11:51:44 INFO     loss:    150 282 3.291639 1647.0
2025-12-20 11:51:47 INFO     loss:    160 282 2.835316 1539.0
2025-12-20 11:51:50 INFO     loss:    170 282 3.175840 2119.5
2025-12-20 11:51:56 INFO     loss:    180 282 2.662671 2011.5
2025-12-20 11:52:05 INFO     loss:    190 282 3.305712 1809.0
2025-12-20 11:52:14 INFO     loss:    200 282 2.585013 2079.0
2025-12-20 11:52:24 INFO     loss:    210 282 2.371660 1795.5
2025-12-20 11:52:28 INFO     loss:    220 282 2.331348 1728.0
2025-12-20 11:52:39 INFO     loss:    230 282 2.387499 1458.0
2025-12-20 11:52:46 INFO     loss:    240 282 3.180806 1944.0
2025-12-20 11:52:52 INFO     loss:    250 282 2.888937 1660.5
2025-12-20 11:53:01 INFO     loss:    260 282 2.756337 2079.0
2025-12-20 11:53:06 INFO     loss:    270 282 3.116947 2011.5
2025-12-20 11:53:14 INFO     loss:    280 282 1.641366 1768.5
2025-12-20 11:53:16 INFO     >>>>> Predictor: Evaluating on valid
2025-12-20 11:54:04 INFO     Data : 2612
2025-12-20 11:54:04 INFO     Hit1 : 0.731240
2025-12-20 11:54:04 INFO     Hit3 : 0.892802
2025-12-20 11:54:04 INFO     Hit10: 0.950230
2025-12-20 11:54:04 INFO     MR   : 4.113323
2025-12-20 11:54:04 INFO     MRR  : 0.818810
2025-12-20 11:54:04 INFO     Save checkpoint to umls\grounding.pt
2025-12-20 11:54:04 INFO     -------------------------
2025-12-20 11:54:04 INFO     | Iteration: 9/20
2025-12-20 11:54:04 INFO     -------------------------
2025-12-20 11:54:18 INFO     loss:    10 282 2.996903 1782.0
2025-12-20 11:54:23 INFO     loss:    20 282 3.206523 1917.0
2025-12-20 11:54:27 INFO     loss:    30 282 2.471532 2079.0
2025-12-20 11:54:34 INFO     loss:    40 282 3.376864 1701.0
2025-12-20 11:54:40 INFO     loss:    50 282 2.780448 1998.0
2025-12-20 11:54:46 INFO     loss:    60 282 1.236106 1984.5
2025-12-20 11:54:52 INFO     loss:    70 282 3.153024 2011.5
2025-12-20 11:55:04 INFO     loss:    80 282 3.311030 1944.0
2025-12-20 11:55:10 INFO     loss:    90 282 2.821409 1957.5
2025-12-20 11:55:19 INFO     loss:    100 282 1.484214 1795.5
2025-12-20 11:55:26 INFO     loss:    110 282 2.555651 1971.0
2025-12-20 11:55:29 INFO     loss:    120 282 2.649213 1903.5
2025-12-20 11:55:38 INFO     loss:    130 282 3.232192 1809.0
2025-12-20 11:55:43 INFO     loss:    140 282 2.752469 1957.5
2025-12-20 11:55:54 INFO     loss:    150 282 3.157848 1647.0
2025-12-20 11:55:57 INFO     loss:    160 282 2.686565 1539.0
2025-12-20 11:56:00 INFO     loss:    170 282 3.125360 2119.5
2025-12-20 11:56:07 INFO     loss:    180 282 2.594872 2011.5
2025-12-20 11:56:15 INFO     loss:    190 282 3.245664 1809.0
2025-12-20 11:56:25 INFO     loss:    200 282 2.502915 2079.0
2025-12-20 11:56:34 INFO     loss:    210 282 2.176270 1795.5
2025-12-20 11:56:39 INFO     loss:    220 282 2.302047 1728.0
2025-12-20 11:56:50 INFO     loss:    230 282 2.288226 1458.0
2025-12-20 11:56:56 INFO     loss:    240 282 3.157196 1944.0
2025-12-20 11:57:02 INFO     loss:    250 282 2.852314 1660.5
2025-12-20 11:57:12 INFO     loss:    260 282 2.737534 2079.0
2025-12-20 11:57:16 INFO     loss:    270 282 3.064634 2011.5
2025-12-20 11:57:24 INFO     loss:    280 282 1.373781 1768.5
2025-12-20 11:57:27 INFO     >>>>> Predictor: Evaluating on valid
2025-12-20 11:58:14 INFO     Data : 2612
2025-12-20 11:58:14 INFO     Hit1 : 0.740046
2025-12-20 11:58:14 INFO     Hit3 : 0.893951
2025-12-20 11:58:14 INFO     Hit10: 0.949847
2025-12-20 11:58:14 INFO     MR   : 4.094181
2025-12-20 11:58:14 INFO     MRR  : 0.823795
2025-12-20 11:58:14 INFO     Save checkpoint to umls\grounding.pt
2025-12-20 11:58:15 INFO     -------------------------
2025-12-20 11:58:15 INFO     | Iteration: 10/20
2025-12-20 11:58:15 INFO     -------------------------
2025-12-20 11:58:27 INFO     loss:    10 282 2.939923 1782.0
2025-12-20 11:58:32 INFO     loss:    20 282 3.172832 1917.0
2025-12-20 11:58:37 INFO     loss:    30 282 2.411125 2079.0
2025-12-20 11:58:43 INFO     loss:    40 282 3.329694 1701.0
2025-12-20 11:58:49 INFO     loss:    50 282 2.721494 1998.0
2025-12-20 11:58:55 INFO     loss:    60 282 1.055158 1984.5
2025-12-20 11:59:02 INFO     loss:    70 282 3.074523 2011.5
2025-12-20 11:59:13 INFO     loss:    80 282 3.278797 1944.0
2025-12-20 11:59:19 INFO     loss:    90 282 2.773522 1957.5
2025-12-20 11:59:29 INFO     loss:    100 282 1.177140 1795.5
2025-12-20 11:59:35 INFO     loss:    110 282 2.453398 1971.0
2025-12-20 11:59:38 INFO     loss:    120 282 2.598338 1903.5
2025-12-20 11:59:48 INFO     loss:    130 282 3.231463 1809.0
2025-12-20 11:59:52 INFO     loss:    140 282 2.721711 1957.5
2025-12-20 12:00:03 INFO     loss:    150 282 3.111155 1647.0
2025-12-20 12:00:06 INFO     loss:    160 282 2.557213 1539.0
2025-12-20 12:00:09 INFO     loss:    170 282 3.090489 2119.5
2025-12-20 12:00:16 INFO     loss:    180 282 2.517203 2011.5
2025-12-20 12:00:24 INFO     loss:    190 282 3.196699 1809.0
2025-12-20 12:00:34 INFO     loss:    200 282 2.405525 2079.0
2025-12-20 12:00:43 INFO     loss:    210 282 1.991729 1795.5
2025-12-20 12:00:48 INFO     loss:    220 282 2.262938 1728.0
2025-12-20 12:00:58 INFO     loss:    230 282 2.187551 1458.0
2025-12-20 12:01:05 INFO     loss:    240 282 3.126783 1944.0
2025-12-20 12:01:11 INFO     loss:    250 282 2.794868 1660.5
2025-12-20 12:01:20 INFO     loss:    260 282 2.688411 2079.0
2025-12-20 12:01:25 INFO     loss:    270 282 3.016750 2011.5
2025-12-20 12:01:33 INFO     loss:    280 282 1.166422 1768.5
2025-12-20 12:01:35 INFO     >>>>> Predictor: Evaluating on valid
2025-12-20 12:02:21 INFO     Data : 2612
2025-12-20 12:02:21 INFO     Hit1 : 0.746172
2025-12-20 12:02:21 INFO     Hit3 : 0.891654
2025-12-20 12:02:21 INFO     Hit10: 0.950995
2025-12-20 12:02:21 INFO     MR   : 4.076570
2025-12-20 12:02:21 INFO     MRR  : 0.826723
2025-12-20 12:02:21 INFO     Save checkpoint to umls\grounding.pt
2025-12-20 12:02:21 INFO     -------------------------
2025-12-20 12:02:21 INFO     | Iteration: 11/20
2025-12-20 12:02:21 INFO     -------------------------
2025-12-20 12:02:33 INFO     loss:    10 282 2.888356 1782.0
2025-12-20 12:02:38 INFO     loss:    20 282 3.157584 1917.0
2025-12-20 12:02:43 INFO     loss:    30 282 2.340585 2079.0
2025-12-20 12:02:49 INFO     loss:    40 282 3.288082 1701.0
2025-12-20 12:02:55 INFO     loss:    50 282 2.674095 1998.0
2025-12-20 12:03:01 INFO     loss:    60 282 0.903922 1984.5
2025-12-20 12:03:08 INFO     loss:    70 282 2.986156 2011.5
2025-12-20 12:03:19 INFO     loss:    80 282 3.257050 1944.0
2025-12-20 12:03:25 INFO     loss:    90 282 2.717972 1957.5
2025-12-20 12:03:35 INFO     loss:    100 282 0.941852 1795.5
2025-12-20 12:03:41 INFO     loss:    110 282 2.357853 1971.0
2025-12-20 12:03:44 INFO     loss:    120 282 2.560560 1903.5
2025-12-20 12:03:53 INFO     loss:    130 282 3.218501 1809.0
2025-12-20 12:03:57 INFO     loss:    140 282 2.678427 1957.5
2025-12-20 12:04:09 INFO     loss:    150 282 2.968959 1647.0
2025-12-20 12:04:12 INFO     loss:    160 282 2.440970 1539.0
2025-12-20 12:04:15 INFO     loss:    170 282 3.054152 2119.5
2025-12-20 12:04:21 INFO     loss:    180 282 2.441312 2011.5
2025-12-20 12:04:30 INFO     loss:    190 282 3.155187 1809.0
2025-12-20 12:04:39 INFO     loss:    200 282 2.332824 2079.0
2025-12-20 12:04:48 INFO     loss:    210 282 1.836346 1795.5
2025-12-20 12:04:53 INFO     loss:    220 282 2.214874 1728.0
2025-12-20 12:05:03 INFO     loss:    230 282 2.119369 1458.0
2025-12-20 12:05:10 INFO     loss:    240 282 3.118240 1944.0
2025-12-20 12:05:16 INFO     loss:    250 282 2.766940 1660.5
2025-12-20 12:05:25 INFO     loss:    260 282 2.669956 2079.0
2025-12-20 12:05:30 INFO     loss:    270 282 2.971593 2011.5
2025-12-20 12:05:38 INFO     loss:    280 282 0.990306 1768.5
2025-12-20 12:05:40 INFO     >>>>> Predictor: Evaluating on valid
2025-12-20 12:06:26 INFO     Data : 2612
2025-12-20 12:06:26 INFO     Hit1 : 0.741960
2025-12-20 12:06:26 INFO     Hit3 : 0.893185
2025-12-20 12:06:26 INFO     Hit10: 0.952144
2025-12-20 12:06:26 INFO     MR   : 4.094181
2025-12-20 12:06:26 INFO     MRR  : 0.824893
2025-12-20 12:06:26 INFO     -------------------------
2025-12-20 12:06:26 INFO     | Iteration: 12/20
2025-12-20 12:06:26 INFO     -------------------------
2025-12-20 12:06:38 INFO     loss:    10 282 2.838441 1782.0
2025-12-20 12:06:43 INFO     loss:    20 282 3.121501 1917.0
2025-12-20 12:06:48 INFO     loss:    30 282 2.260708 2079.0
2025-12-20 12:06:54 INFO     loss:    40 282 3.256330 1701.0
2025-12-20 12:07:00 INFO     loss:    50 282 2.621654 1998.0
2025-12-20 12:07:05 INFO     loss:    60 282 0.768749 1984.5
2025-12-20 12:07:12 INFO     loss:    70 282 2.908259 2011.5
2025-12-20 12:07:24 INFO     loss:    80 282 3.225482 1944.0
2025-12-20 12:07:30 INFO     loss:    90 282 2.670963 1957.5
2025-12-20 12:07:40 INFO     loss:    100 282 0.778267 1795.5
2025-12-20 12:07:46 INFO     loss:    110 282 2.249035 1971.0
2025-12-20 12:07:49 INFO     loss:    120 282 2.505538 1903.5
2025-12-20 12:07:58 INFO     loss:    130 282 3.194004 1809.0
2025-12-20 12:08:03 INFO     loss:    140 282 2.644075 1957.5
2025-12-20 12:08:14 INFO     loss:    150 282 2.960809 1647.0
2025-12-20 12:08:17 INFO     loss:    160 282 2.324634 1539.0
2025-12-20 12:08:20 INFO     loss:    170 282 3.010719 2119.5
2025-12-20 12:08:27 INFO     loss:    180 282 2.366303 2011.5
2025-12-20 12:08:36 INFO     loss:    190 282 3.102358 1809.0
2025-12-20 12:08:45 INFO     loss:    200 282 2.238151 2079.0
2025-12-20 12:08:54 INFO     loss:    210 282 1.700113 1795.5
2025-12-20 12:08:59 INFO     loss:    220 282 2.169598 1728.0
2025-12-20 12:09:10 INFO     loss:    230 282 2.028756 1458.0
2025-12-20 12:09:16 INFO     loss:    240 282 3.082264 1944.0
2025-12-20 12:09:22 INFO     loss:    250 282 2.709746 1660.5
2025-12-20 12:09:32 INFO     loss:    260 282 2.644688 2079.0
2025-12-20 12:09:37 INFO     loss:    270 282 2.940611 2011.5
2025-12-20 12:09:45 INFO     loss:    280 282 0.847519 1768.5
2025-12-20 12:09:47 INFO     >>>>> Predictor: Evaluating on valid
2025-12-20 12:10:35 INFO     Data : 2612
2025-12-20 12:10:35 INFO     Hit1 : 0.749617
2025-12-20 12:10:35 INFO     Hit3 : 0.892420
2025-12-20 12:10:35 INFO     Hit10: 0.951378
2025-12-20 12:10:35 INFO     MR   : 4.119066
2025-12-20 12:10:35 INFO     MRR  : 0.828343
2025-12-20 12:10:35 INFO     Save checkpoint to umls\grounding.pt
2025-12-20 12:10:35 INFO     -------------------------
2025-12-20 12:10:35 INFO     | Iteration: 13/20
2025-12-20 12:10:35 INFO     -------------------------
2025-12-20 12:10:48 INFO     loss:    10 282 2.779521 1782.0
2025-12-20 12:10:53 INFO     loss:    20 282 3.103436 1917.0
2025-12-20 12:10:58 INFO     loss:    30 282 2.170406 2079.0
2025-12-20 12:11:04 INFO     loss:    40 282 3.217279 1701.0
2025-12-20 12:11:10 INFO     loss:    50 282 2.584334 1998.0
2025-12-20 12:11:16 INFO     loss:    60 282 0.671976 1984.5
2025-12-20 12:11:23 INFO     loss:    70 282 2.816895 2011.5
2025-12-20 12:11:34 INFO     loss:    80 282 3.198554 1944.0
2025-12-20 12:11:40 INFO     loss:    90 282 2.614619 1957.5
2025-12-20 12:11:50 INFO     loss:    100 282 0.633700 1795.5
2025-12-20 12:11:56 INFO     loss:    110 282 2.148929 1971.0
2025-12-20 12:11:59 INFO     loss:    120 282 2.454784 1903.5
2025-12-20 12:12:08 INFO     loss:    130 282 3.184516 1809.0
2025-12-20 12:12:13 INFO     loss:    140 282 2.611731 1957.5
2025-12-20 12:12:24 INFO     loss:    150 282 2.856344 1647.0
2025-12-20 12:12:27 INFO     loss:    160 282 2.210877 1539.0
2025-12-20 12:12:30 INFO     loss:    170 282 2.984243 2119.5
2025-12-20 12:12:37 INFO     loss:    180 282 2.279813 2011.5
2025-12-20 12:12:45 INFO     loss:    190 282 3.067573 1809.0
2025-12-20 12:12:55 INFO     loss:    200 282 2.144208 2079.0
2025-12-20 12:13:04 INFO     loss:    210 282 1.627342 1795.5
2025-12-20 12:13:09 INFO     loss:    220 282 2.142122 1728.0
2025-12-20 12:13:19 INFO     loss:    230 282 1.921790 1458.0
2025-12-20 12:13:26 INFO     loss:    240 282 3.065235 1944.0
2025-12-20 12:13:32 INFO     loss:    250 282 2.660633 1660.5
2025-12-20 12:13:42 INFO     loss:    260 282 2.635383 2079.0
2025-12-20 12:13:46 INFO     loss:    270 282 2.883939 2011.5
2025-12-20 12:13:54 INFO     loss:    280 282 0.732304 1768.5
2025-12-20 12:13:57 INFO     >>>>> Predictor: Evaluating on valid
2025-12-20 12:14:44 INFO     Data : 2612
2025-12-20 12:14:44 INFO     Hit1 : 0.748086
2025-12-20 12:14:44 INFO     Hit3 : 0.887825
2025-12-20 12:14:44 INFO     Hit10: 0.949847
2025-12-20 12:14:44 INFO     MR   : 4.177642
2025-12-20 12:14:44 INFO     MRR  : 0.826040
2025-12-20 12:14:44 INFO     -------------------------
2025-12-20 12:14:44 INFO     | Iteration: 14/20
2025-12-20 12:14:44 INFO     -------------------------
2025-12-20 12:14:57 INFO     loss:    10 282 2.729456 1782.0
2025-12-20 12:15:02 INFO     loss:    20 282 3.076576 1917.0
2025-12-20 12:15:07 INFO     loss:    30 282 2.077337 2079.0
2025-12-20 12:15:13 INFO     loss:    40 282 3.185833 1701.0
2025-12-20 12:15:19 INFO     loss:    50 282 2.515701 1998.0
2025-12-20 12:15:25 INFO     loss:    60 282 0.621730 1984.5
2025-12-20 12:15:32 INFO     loss:    70 282 2.741549 2011.5
2025-12-20 12:15:43 INFO     loss:    80 282 3.181287 1944.0
2025-12-20 12:15:49 INFO     loss:    90 282 2.573289 1957.5
2025-12-20 12:15:59 INFO     loss:    100 282 0.532714 1795.5
2025-12-20 12:16:05 INFO     loss:    110 282 2.026162 1971.0
2025-12-20 12:16:08 INFO     loss:    120 282 2.395696 1903.5
2025-12-20 12:16:17 INFO     loss:    130 282 3.162108 1809.0
2025-12-20 12:16:22 INFO     loss:    140 282 2.574429 1957.5
2025-12-20 12:16:33 INFO     loss:    150 282 2.871512 1647.0
2025-12-20 12:16:36 INFO     loss:    160 282 2.135169 1539.0
2025-12-20 12:16:39 INFO     loss:    170 282 2.934134 2119.5
2025-12-20 12:16:45 INFO     loss:    180 282 2.205650 2011.5
2025-12-20 12:16:54 INFO     loss:    190 282 3.008457 1809.0
2025-12-20 12:17:03 INFO     loss:    200 282 2.049272 2079.0
2025-12-20 12:17:13 INFO     loss:    210 282 1.674682 1795.5
2025-12-20 12:17:17 INFO     loss:    220 282 2.094385 1728.0
2025-12-20 12:17:28 INFO     loss:    230 282 1.823159 1458.0
2025-12-20 12:17:35 INFO     loss:    240 282 3.036576 1944.0
2025-12-20 12:17:41 INFO     loss:    250 282 2.608046 1660.5
2025-12-20 12:17:50 INFO     loss:    260 282 2.584666 2079.0
2025-12-20 12:17:55 INFO     loss:    270 282 2.837125 2011.5
2025-12-20 12:18:03 INFO     loss:    280 282 0.656682 1768.5
2025-12-20 12:18:06 INFO     >>>>> Predictor: Evaluating on valid
2025-12-20 12:18:53 INFO     Data : 2612
2025-12-20 12:18:53 INFO     Hit1 : 0.737366
2025-12-20 12:18:53 INFO     Hit3 : 0.883231
2025-12-20 12:18:53 INFO     Hit10: 0.949464
2025-12-20 12:18:53 INFO     MR   : 4.218224
2025-12-20 12:18:53 INFO     MRR  : 0.818975
2025-12-20 12:18:53 INFO     -------------------------
2025-12-20 12:18:53 INFO     | Iteration: 15/20
2025-12-20 12:18:53 INFO     -------------------------
2025-12-20 12:19:05 INFO     loss:    10 282 2.679247 1782.0
2025-12-20 12:19:10 INFO     loss:    20 282 3.051919 1917.0
2025-12-20 12:19:15 INFO     loss:    30 282 1.990284 2079.0
2025-12-20 12:19:21 INFO     loss:    40 282 3.158543 1701.0
2025-12-20 12:19:27 INFO     loss:    50 282 2.460644 1998.0
2025-12-20 12:19:33 INFO     loss:    60 282 0.594937 1984.5
2025-12-20 12:19:39 INFO     loss:    70 282 2.707540 2011.5
2025-12-20 12:19:50 INFO     loss:    80 282 3.150588 1944.0
2025-12-20 12:19:56 INFO     loss:    90 282 2.532074 1957.5
2025-12-20 12:20:06 INFO     loss:    100 282 0.466797 1795.5
2025-12-20 12:20:12 INFO     loss:    110 282 1.919305 1971.0
2025-12-20 12:20:15 INFO     loss:    120 282 2.347119 1903.5
2025-12-20 12:20:25 INFO     loss:    130 282 3.144801 1809.0
2025-12-20 12:20:29 INFO     loss:    140 282 2.524743 1957.5
2025-12-20 12:20:40 INFO     loss:    150 282 2.811946 1647.0
2025-12-20 12:20:43 INFO     loss:    160 282 2.191802 1539.0
2025-12-20 12:20:46 INFO     loss:    170 282 2.890026 2119.5
2025-12-20 12:20:53 INFO     loss:    180 282 2.118065 2011.5
2025-12-20 12:21:01 INFO     loss:    190 282 2.967544 1809.0
2025-12-20 12:21:10 INFO     loss:    200 282 1.954424 2079.0
2025-12-20 12:21:20 INFO     loss:    210 282 1.547934 1795.5
2025-12-20 12:21:24 INFO     loss:    220 282 2.067188 1728.0
2025-12-20 12:21:35 INFO     loss:    230 282 1.724778 1458.0
2025-12-20 12:21:41 INFO     loss:    240 282 3.017396 1944.0
2025-12-20 12:21:47 INFO     loss:    250 282 2.566506 1660.5
2025-12-20 12:21:57 INFO     loss:    260 282 2.554440 2079.0
2025-12-20 12:22:01 INFO     loss:    270 282 2.778190 2011.5
2025-12-20 12:22:09 INFO     loss:    280 282 0.599550 1768.5
2025-12-20 12:22:12 INFO     >>>>> Predictor: Evaluating on valid
2025-12-20 12:22:58 INFO     Data : 2612
2025-12-20 12:22:58 INFO     Hit1 : 0.738515
2025-12-20 12:22:58 INFO     Hit3 : 0.879786
2025-12-20 12:22:58 INFO     Hit10: 0.948315
2025-12-20 12:22:58 INFO     MR   : 4.263400
2025-12-20 12:22:58 INFO     MRR  : 0.818144
2025-12-20 12:22:58 INFO     -------------------------
2025-12-20 12:22:58 INFO     | Iteration: 16/20
2025-12-20 12:22:58 INFO     -------------------------
2025-12-20 12:23:09 INFO     loss:    10 282 2.625237 1782.0
2025-12-20 12:23:15 INFO     loss:    20 282 3.027424 1917.0
2025-12-20 12:23:19 INFO     loss:    30 282 1.940294 2079.0
2025-12-20 12:23:25 INFO     loss:    40 282 3.122829 1701.0
2025-12-20 12:23:31 INFO     loss:    50 282 2.397213 1998.0
2025-12-20 12:23:37 INFO     loss:    60 282 0.552055 1984.5
2025-12-20 12:23:44 INFO     loss:    70 282 2.588967 2011.5
2025-12-20 12:23:55 INFO     loss:    80 282 3.128463 1944.0
2025-12-20 12:24:01 INFO     loss:    90 282 2.481548 1957.5
2025-12-20 12:24:11 INFO     loss:    100 282 0.419872 1795.5
2025-12-20 12:24:17 INFO     loss:    110 282 1.810729 1971.0
2025-12-20 12:24:20 INFO     loss:    120 282 2.291441 1903.5
2025-12-20 12:24:29 INFO     loss:    130 282 3.131000 1809.0
2025-12-20 12:24:33 INFO     loss:    140 282 2.478049 1957.5
2025-12-20 12:24:45 INFO     loss:    150 282 2.864420 1647.0
2025-12-20 12:24:47 INFO     loss:    160 282 2.149468 1539.0
2025-12-20 12:24:50 INFO     loss:    170 282 2.842047 2119.5
2025-12-20 12:24:57 INFO     loss:    180 282 2.045524 2011.5
2025-12-20 12:25:05 INFO     loss:    190 282 2.923539 1809.0
2025-12-20 12:25:15 INFO     loss:    200 282 1.864198 2079.0
2025-12-20 12:25:24 INFO     loss:    210 282 1.419826 1795.5
2025-12-20 12:25:29 INFO     loss:    220 282 2.016095 1728.0
2025-12-20 12:25:39 INFO     loss:    230 282 1.671003 1458.0
2025-12-20 12:25:46 INFO     loss:    240 282 2.992259 1944.0
2025-12-20 12:25:52 INFO     loss:    250 282 2.530575 1660.5
2025-12-20 12:26:01 INFO     loss:    260 282 2.526269 2079.0
2025-12-20 12:26:06 INFO     loss:    270 282 2.730162 2011.5
2025-12-20 12:26:14 INFO     loss:    280 282 0.569986 1768.5
2025-12-20 12:26:16 INFO     >>>>> Predictor: Evaluating on valid
2025-12-20 12:27:01 INFO     Data : 2612
2025-12-20 12:27:01 INFO     Hit1 : 0.728943
2025-12-20 12:27:01 INFO     Hit3 : 0.876723
2025-12-20 12:27:01 INFO     Hit10: 0.948698
2025-12-20 12:27:01 INFO     MR   : 4.308193
2025-12-20 12:27:01 INFO     MRR  : 0.812176
2025-12-20 12:27:01 INFO     -------------------------
2025-12-20 12:27:01 INFO     | Iteration: 17/20
2025-12-20 12:27:01 INFO     -------------------------
2025-12-20 12:27:13 INFO     loss:    10 282 2.565714 1782.0
2025-12-20 12:27:18 INFO     loss:    20 282 3.001951 1917.0
2025-12-20 12:27:23 INFO     loss:    30 282 1.852844 2079.0
2025-12-20 12:27:29 INFO     loss:    40 282 3.092892 1701.0
2025-12-20 12:27:35 INFO     loss:    50 282 2.338091 1998.0
2025-12-20 12:27:41 INFO     loss:    60 282 0.553591 1984.5
2025-12-20 12:27:48 INFO     loss:    70 282 2.520504 2011.5
2025-12-20 12:27:59 INFO     loss:    80 282 3.104830 1944.0
2025-12-20 12:28:05 INFO     loss:    90 282 2.436853 1957.5
2025-12-20 12:28:15 INFO     loss:    100 282 0.390704 1795.5
2025-12-20 12:28:21 INFO     loss:    110 282 1.712671 1971.0
2025-12-20 12:28:24 INFO     loss:    120 282 2.235807 1903.5
2025-12-20 12:28:34 INFO     loss:    130 282 3.105144 1809.0
2025-12-20 12:28:38 INFO     loss:    140 282 2.424852 1957.5
2025-12-20 12:28:49 INFO     loss:    150 282 2.799259 1647.0
2025-12-20 12:28:52 INFO     loss:    160 282 1.969547 1539.0
2025-12-20 12:28:55 INFO     loss:    170 282 2.811190 2119.5
2025-12-20 12:29:02 INFO     loss:    180 282 1.970272 2011.5
2025-12-20 12:29:10 INFO     loss:    190 282 2.881863 1809.0
2025-12-20 12:29:20 INFO     loss:    200 282 1.776900 2079.0
2025-12-20 12:29:29 INFO     loss:    210 282 1.333728 1795.5
2025-12-20 12:29:34 INFO     loss:    220 282 1.986308 1728.0
2025-12-20 12:29:44 INFO     loss:    230 282 1.601937 1458.0
2025-12-20 12:29:51 INFO     loss:    240 282 2.953945 1944.0
2025-12-20 12:29:57 INFO     loss:    250 282 2.492431 1660.5
2025-12-20 12:30:06 INFO     loss:    260 282 2.478085 2079.0
2025-12-20 12:30:11 INFO     loss:    270 282 2.681396 2011.5
2025-12-20 12:30:19 INFO     loss:    280 282 0.543948 1768.5
2025-12-20 12:30:21 INFO     >>>>> Predictor: Evaluating on valid
2025-12-20 12:31:06 INFO     Data : 2612
2025-12-20 12:31:06 INFO     Hit1 : 0.722818
2025-12-20 12:31:06 INFO     Hit3 : 0.871363
2025-12-20 12:31:06 INFO     Hit10: 0.945253
2025-12-20 12:31:06 INFO     MR   : 4.388208
2025-12-20 12:31:06 INFO     MRR  : 0.806368
2025-12-20 12:31:06 INFO     -------------------------
2025-12-20 12:31:06 INFO     | Iteration: 18/20
2025-12-20 12:31:06 INFO     -------------------------
2025-12-20 12:31:18 INFO     loss:    10 282 2.509040 1782.0
2025-12-20 12:31:23 INFO     loss:    20 282 2.973438 1917.0
2025-12-20 12:31:28 INFO     loss:    30 282 1.837304 2079.0
2025-12-20 12:31:34 INFO     loss:    40 282 3.061818 1701.0
2025-12-20 12:31:40 INFO     loss:    50 282 2.289702 1998.0
2025-12-20 12:31:46 INFO     loss:    60 282 0.602068 1984.5
2025-12-20 12:31:53 INFO     loss:    70 282 2.457170 2011.5
2025-12-20 12:32:04 INFO     loss:    80 282 3.089041 1944.0
2025-12-20 12:32:10 INFO     loss:    90 282 2.396570 1957.5
2025-12-20 12:32:20 INFO     loss:    100 282 0.369048 1795.5
2025-12-20 12:32:26 INFO     loss:    110 282 1.645600 1971.0
2025-12-20 12:32:29 INFO     loss:    120 282 2.181897 1903.5
2025-12-20 12:32:38 INFO     loss:    130 282 3.083733 1809.0
2025-12-20 12:32:42 INFO     loss:    140 282 2.394336 1957.5
2025-12-20 12:32:54 INFO     loss:    150 282 2.904845 1647.0
2025-12-20 12:32:57 INFO     loss:    160 282 1.934625 1539.0
2025-12-20 12:32:59 INFO     loss:    170 282 2.759257 2119.5
2025-12-20 12:33:06 INFO     loss:    180 282 1.903077 2011.5
2025-12-20 12:33:14 INFO     loss:    190 282 2.839900 1809.0
2025-12-20 12:33:24 INFO     loss:    200 282 1.703722 2079.0
2025-12-20 12:33:33 INFO     loss:    210 282 1.291132 1795.5
2025-12-20 12:33:38 INFO     loss:    220 282 1.947990 1728.0
2025-12-20 12:33:48 INFO     loss:    230 282 1.559269 1458.0
2025-12-20 12:33:55 INFO     loss:    240 282 2.922776 1944.0
2025-12-20 12:34:01 INFO     loss:    250 282 2.464134 1660.5
2025-12-20 12:34:10 INFO     loss:    260 282 2.465201 2079.0
2025-12-20 12:34:15 INFO     loss:    270 282 2.626631 2011.5
2025-12-20 12:34:23 INFO     loss:    280 282 0.529801 1768.5
2025-12-20 12:34:25 INFO     >>>>> Predictor: Evaluating on valid
2025-12-20 12:35:10 INFO     Data : 2612
2025-12-20 12:35:10 INFO     Hit1 : 0.714395
2025-12-20 12:35:10 INFO     Hit3 : 0.866769
2025-12-20 12:35:10 INFO     Hit10: 0.944104
2025-12-20 12:35:10 INFO     MR   : 4.466309
2025-12-20 12:35:10 INFO     MRR  : 0.800306
2025-12-20 12:35:10 INFO     -------------------------
2025-12-20 12:35:10 INFO     | Iteration: 19/20
2025-12-20 12:35:10 INFO     -------------------------
2025-12-20 12:35:22 INFO     loss:    10 282 2.454817 1782.0
2025-12-20 12:35:27 INFO     loss:    20 282 2.943473 1917.0
2025-12-20 12:35:32 INFO     loss:    30 282 1.830451 2079.0
2025-12-20 12:35:38 INFO     loss:    40 282 3.037165 1701.0
2025-12-20 12:35:44 INFO     loss:    50 282 2.238009 1998.0
2025-12-20 12:35:50 INFO     loss:    60 282 0.556036 1984.5
2025-12-20 12:35:57 INFO     loss:    70 282 2.473816 2011.5
2025-12-20 12:36:08 INFO     loss:    80 282 3.056275 1944.0
2025-12-20 12:36:14 INFO     loss:    90 282 2.359587 1957.5
2025-12-20 12:36:23 INFO     loss:    100 282 0.357430 1795.5
2025-12-20 12:36:29 INFO     loss:    110 282 1.573459 1971.0
2025-12-20 12:36:32 INFO     loss:    120 282 2.127654 1903.5
2025-12-20 12:36:42 INFO     loss:    130 282 3.066849 1809.0
2025-12-20 12:36:46 INFO     loss:    140 282 2.339204 1957.5
2025-12-20 12:36:57 INFO     loss:    150 282 2.831883 1647.0
2025-12-20 12:37:00 INFO     loss:    160 282 1.951773 1539.0
2025-12-20 12:37:03 INFO     loss:    170 282 2.713455 2119.5
2025-12-20 12:37:10 INFO     loss:    180 282 1.851351 2011.5
2025-12-20 12:37:18 INFO     loss:    190 282 2.804700 1809.0
2025-12-20 12:37:28 INFO     loss:    200 282 1.630110 2079.0
2025-12-20 12:37:37 INFO     loss:    210 282 1.262975 1795.5
2025-12-20 12:37:42 INFO     loss:    220 282 1.907519 1728.0
2025-12-20 12:37:53 INFO     loss:    230 282 1.511043 1458.0
2025-12-20 12:37:59 INFO     loss:    240 282 2.889503 1944.0
2025-12-20 12:38:05 INFO     loss:    250 282 2.427698 1660.5
2025-12-20 12:38:15 INFO     loss:    260 282 2.416097 2079.0
2025-12-20 12:38:20 INFO     loss:    270 282 2.569688 2011.5
2025-12-20 12:38:28 INFO     loss:    280 282 0.522891 1768.5
2025-12-20 12:38:30 INFO     >>>>> Predictor: Evaluating on valid
2025-12-20 12:39:15 INFO     Data : 2612
2025-12-20 12:39:15 INFO     Hit1 : 0.703675
2025-12-20 12:39:15 INFO     Hit3 : 0.863706
2025-12-20 12:39:15 INFO     Hit10: 0.941807
2025-12-20 12:39:15 INFO     MR   : 4.518377
2025-12-20 12:39:15 INFO     MRR  : 0.793420
2025-12-20 12:39:15 INFO     -------------------------
2025-12-20 12:39:15 INFO     | Iteration: 20/20
2025-12-20 12:39:15 INFO     -------------------------
2025-12-20 12:39:27 INFO     loss:    10 282 2.412584 1782.0
2025-12-20 12:39:32 INFO     loss:    20 282 2.930455 1917.0
2025-12-20 12:39:37 INFO     loss:    30 282 1.731437 2079.0
2025-12-20 12:39:43 INFO     loss:    40 282 3.007881 1701.0
2025-12-20 12:39:49 INFO     loss:    50 282 2.203950 1998.0
2025-12-20 12:39:55 INFO     loss:    60 282 0.544744 1984.5
2025-12-20 12:40:02 INFO     loss:    70 282 2.396506 2011.5
2025-12-20 12:40:13 INFO     loss:    80 282 3.035443 1944.0
2025-12-20 12:40:19 INFO     loss:    90 282 2.307615 1957.5
2025-12-20 12:40:29 INFO     loss:    100 282 0.349013 1795.5
2025-12-20 12:40:35 INFO     loss:    110 282 1.517830 1971.0
2025-12-20 12:40:38 INFO     loss:    120 282 2.088528 1903.5
2025-12-20 12:40:47 INFO     loss:    130 282 3.053545 1809.0
2025-12-20 12:40:52 INFO     loss:    140 282 2.300167 1957.5
2025-12-20 12:41:03 INFO     loss:    150 282 2.865464 1647.0
2025-12-20 12:41:06 INFO     loss:    160 282 1.926628 1539.0
2025-12-20 12:41:09 INFO     loss:    170 282 2.685572 2119.5
2025-12-20 12:41:15 INFO     loss:    180 282 1.803261 2011.5
2025-12-20 12:41:24 INFO     loss:    190 282 2.774981 1809.0
2025-12-20 12:41:33 INFO     loss:    200 282 1.579098 2079.0
2025-12-20 12:41:42 INFO     loss:    210 282 1.265632 1795.5
2025-12-20 12:41:47 INFO     loss:    220 282 1.868565 1728.0
2025-12-20 12:41:58 INFO     loss:    230 282 1.466630 1458.0
2025-12-20 12:42:04 INFO     loss:    240 282 2.863415 1944.0
2025-12-20 12:42:10 INFO     loss:    250 282 2.405459 1660.5
2025-12-20 12:42:20 INFO     loss:    260 282 2.378073 2079.0
2025-12-20 12:42:24 INFO     loss:    270 282 2.532308 2011.5
2025-12-20 12:42:32 INFO     loss:    280 282 0.510415 1768.5
2025-12-20 12:42:35 INFO     >>>>> Predictor: Evaluating on valid
2025-12-20 12:43:20 INFO     Data : 2612
2025-12-20 12:43:20 INFO     Hit1 : 0.704824
2025-12-20 12:43:20 INFO     Hit3 : 0.856432
2025-12-20 12:43:20 INFO     Hit10: 0.939510
2025-12-20 12:43:20 INFO     MR   : 4.569678
2025-12-20 12:43:20 INFO     MRR  : 0.792395
2025-12-20 12:43:20 INFO     -------------------------
2025-12-20 12:43:20 INFO     | Final Test MRR: 0.000000
2025-12-20 12:43:20 INFO     -------------------------
2025-12-20 12:43:20 INFO     >>>>> Predictor: Evaluating on valid
2025-12-20 12:44:07 INFO     Data : 2612
2025-12-20 12:44:07 INFO     Hit1 : 0.749617
2025-12-20 12:44:07 INFO     Hit3 : 0.892420
2025-12-20 12:44:07 INFO     Hit10: 0.951378
2025-12-20 12:44:07 INFO     MR   : 4.119066
2025-12-20 12:44:07 INFO     MRR  : 0.828343
2025-12-20 12:44:07 INFO     >>>>> Predictor: Evaluating on test
2025-12-20 12:45:51 INFO     Data : 6528
2025-12-20 12:45:51 INFO     Hit1 : 0.735907
2025-12-20 12:45:51 INFO     Hit3 : 0.882200
2025-12-20 12:45:51 INFO     Hit10: 0.951134
2025-12-20 12:45:51 INFO     MR   : 3.783088
2025-12-20 12:45:51 INFO     MRR  : 0.817865
2025-12-20 12:45:51 INFO     >>>>> Predictor: Evaluating on test_kge
2025-12-20 12:47:40 INFO     Data : 6528
2025-12-20 12:47:40 INFO     Hit1 : 0.793199
2025-12-20 12:47:40 INFO     Hit3 : 0.925092
2025-12-20 12:47:40 INFO     Hit10: 0.973652
2025-12-20 12:47:40 INFO     MR   : 2.592065
2025-12-20 12:47:40 INFO     MRR  : 0.864870
2025-12-20 12:47:40 INFO     -------------------------
2025-12-20 12:47:40 INFO     | Best Valid MRR: 0.828343
2025-12-20 12:47:40 INFO     | Best Test MRR : 0.817865
2025-12-20 12:47:40 INFO     | Test+KGE MRR  : 0.864870
2025-12-20 12:47:40 INFO     -------------------------
